Archive member included because of file (symbol)

c:/program files (x86)/gnu tools arm embedded/4.9 2015q3/bin/../lib/gcc/arm-none-eabi/4.9.3/../../../../arm-none-eabi/lib/armv7e-m/fpu\libc_nano.a(lib_a-exit.o)
                              c:/program files (x86)/gnu tools arm embedded/4.9 2015q3/bin/../lib/gcc/arm-none-eabi/4.9.3/../../../../arm-none-eabi/lib/armv7e-m/fpu/crt0.o (exit)
c:/program files (x86)/gnu tools arm embedded/4.9 2015q3/bin/../lib/gcc/arm-none-eabi/4.9.3/../../../../arm-none-eabi/lib/armv7e-m/fpu\libc_nano.a(lib_a-impure.o)
                              c:/program files (x86)/gnu tools arm embedded/4.9 2015q3/bin/../lib/gcc/arm-none-eabi/4.9.3/../../../../arm-none-eabi/lib/armv7e-m/fpu\libc_nano.a(lib_a-exit.o) (_global_impure_ptr)
c:/program files (x86)/gnu tools arm embedded/4.9 2015q3/bin/../lib/gcc/arm-none-eabi/4.9.3/../../../../arm-none-eabi/lib/armv7e-m/fpu\libc_nano.a(lib_a-init.o)
                              c:/program files (x86)/gnu tools arm embedded/4.9 2015q3/bin/../lib/gcc/arm-none-eabi/4.9.3/../../../../arm-none-eabi/lib/armv7e-m/fpu/crt0.o (__libc_init_array)
c:/program files (x86)/gnu tools arm embedded/4.9 2015q3/bin/../lib/gcc/arm-none-eabi/4.9.3/../../../../arm-none-eabi/lib/armv7e-m/fpu\libc_nano.a(lib_a-memset.o)
                              c:/program files (x86)/gnu tools arm embedded/4.9 2015q3/bin/../lib/gcc/arm-none-eabi/4.9.3/../../../../arm-none-eabi/lib/armv7e-m/fpu/crt0.o (memset)
c:/program files (x86)/gnu tools arm embedded/4.9 2015q3/bin/../lib/gcc/arm-none-eabi/4.9.3/../../../../arm-none-eabi/lib/armv7e-m/fpu\libnosys.a(_exit.o)
                              c:/program files (x86)/gnu tools arm embedded/4.9 2015q3/bin/../lib/gcc/arm-none-eabi/4.9.3/../../../../arm-none-eabi/lib/armv7e-m/fpu\libc_nano.a(lib_a-exit.o) (_exit)
c:/program files (x86)/gnu tools arm embedded/4.9 2015q3/bin/../lib/gcc/arm-none-eabi/4.9.3/../../../../arm-none-eabi/lib/armv7e-m/fpu\libc_nano.a(lib_a-memcpy.o)
                              _build/nrf_esb.o (memcpy)

Allocating common symbols
Common symbol       size              file

nrf_nvic_state      0xc               _build/softdevice_handler.o
boot_settings       0x4               _build/main.o
start_addr          0x4               _build/flashwriting.o

Discarded input sections

 .text          0x00000000        0x0 c:/program files (x86)/gnu tools arm embedded/4.9 2015q3/bin/../lib/gcc/arm-none-eabi/4.9.3/armv7e-m/fpu/crti.o
 .data          0x00000000        0x0 c:/program files (x86)/gnu tools arm embedded/4.9 2015q3/bin/../lib/gcc/arm-none-eabi/4.9.3/armv7e-m/fpu/crti.o
 .bss           0x00000000        0x0 c:/program files (x86)/gnu tools arm embedded/4.9 2015q3/bin/../lib/gcc/arm-none-eabi/4.9.3/armv7e-m/fpu/crti.o
 .data          0x00000000        0x4 c:/program files (x86)/gnu tools arm embedded/4.9 2015q3/bin/../lib/gcc/arm-none-eabi/4.9.3/armv7e-m/fpu/crtbegin.o
 .data          0x00000000        0x0 c:/program files (x86)/gnu tools arm embedded/4.9 2015q3/bin/../lib/gcc/arm-none-eabi/4.9.3/../../../../arm-none-eabi/lib/armv7e-m/fpu/crt0.o
 .bss           0x00000000        0x0 c:/program files (x86)/gnu tools arm embedded/4.9 2015q3/bin/../lib/gcc/arm-none-eabi/4.9.3/../../../../arm-none-eabi/lib/armv7e-m/fpu/crt0.o
 .ARM.extab     0x00000000        0x0 c:/program files (x86)/gnu tools arm embedded/4.9 2015q3/bin/../lib/gcc/arm-none-eabi/4.9.3/../../../../arm-none-eabi/lib/armv7e-m/fpu/crt0.o
 .text          0x00000000        0x0 c:/program files (x86)/gnu tools arm embedded/4.9 2015q3/bin/../lib/gcc/arm-none-eabi/4.9.3/../../../../arm-none-eabi/lib/armv7e-m/fpu\libc_nano.a(lib_a-exit.o)
 .data          0x00000000        0x0 c:/program files (x86)/gnu tools arm embedded/4.9 2015q3/bin/../lib/gcc/arm-none-eabi/4.9.3/../../../../arm-none-eabi/lib/armv7e-m/fpu\libc_nano.a(lib_a-exit.o)
 .bss           0x00000000        0x0 c:/program files (x86)/gnu tools arm embedded/4.9 2015q3/bin/../lib/gcc/arm-none-eabi/4.9.3/../../../../arm-none-eabi/lib/armv7e-m/fpu\libc_nano.a(lib_a-exit.o)
 .text          0x00000000        0x0 c:/program files (x86)/gnu tools arm embedded/4.9 2015q3/bin/../lib/gcc/arm-none-eabi/4.9.3/../../../../arm-none-eabi/lib/armv7e-m/fpu\libc_nano.a(lib_a-impure.o)
 .data          0x00000000        0x0 c:/program files (x86)/gnu tools arm embedded/4.9 2015q3/bin/../lib/gcc/arm-none-eabi/4.9.3/../../../../arm-none-eabi/lib/armv7e-m/fpu\libc_nano.a(lib_a-impure.o)
 .bss           0x00000000        0x0 c:/program files (x86)/gnu tools arm embedded/4.9 2015q3/bin/../lib/gcc/arm-none-eabi/4.9.3/../../../../arm-none-eabi/lib/armv7e-m/fpu\libc_nano.a(lib_a-impure.o)
 .data._impure_ptr
                0x00000000        0x4 c:/program files (x86)/gnu tools arm embedded/4.9 2015q3/bin/../lib/gcc/arm-none-eabi/4.9.3/../../../../arm-none-eabi/lib/armv7e-m/fpu\libc_nano.a(lib_a-impure.o)
[...]
Memory Configuration

Name             Origin             Length             Attributes
FLASH            0x00000000         0x00080000         xr
UICR             0x10001000         0x0ffff000         xr
RAM              0x20000000         0x00010000         xrw
*default*        0x00000000         0xffffffff

Linker script and memory map


.text           0x00000000     0x4350
 *(.isr_vector)
 .isr_vector    0x00000000      0x400 _build/gcc_startup_nrf52.o
                0x00000000                __isr_vector
 *(.text*)
 .text          0x00000400       0x5c c:/program files (x86)/gnu tools arm embedded/4.9 2015q3/bin/../lib/gcc/arm-none-eabi/4.9.3/armv7e-m/fpu/crtbegin.o
 .text          0x0000045c       0x74 c:/program files (x86)/gnu tools arm embedded/4.9 2015q3/bin/../lib/gcc/arm-none-eabi/4.9.3/../../../../arm-none-eabi/lib/armv7e-m/fpu/crt0.o
                0x0000045c                _start
                0x0000045c                _mainCRTStartup
 .text.exit     0x000004d0       0x28 c:/program files (x86)/gnu tools arm embedded/4.9 2015q3/bin/../lib/gcc/arm-none-eabi/4.9.3/../../../../arm-none-eabi/lib/armv7e-m/fpu\libc_nano.a(lib_a-exit.o)
                0x000004d0                exit
 .text.__libc_init_array
                0x000004f8       0x4c c:/program files (x86)/gnu tools arm embedded/4.9 2015q3/bin/../lib/gcc/arm-none-eabi/4.9.3/../../../../arm-none-eabi/lib/armv7e-m/fpu\libc_nano.a(lib_a-init.o)
                0x000004f8                __libc_init_array
 .text.memset   0x00000544       0x10 c:/program files (x86)/gnu tools arm embedded/4.9 2015q3/bin/../lib/gcc/arm-none-eabi/4.9.3/../../../../arm-none-eabi/lib/armv7e-m/fpu\libc_nano.a(lib_a-memset.o)
                0x00000544                memset
 .text._exit    0x00000554        0x4 c:/program files (x86)/gnu tools arm embedded/4.9 2015q3/bin/../lib/gcc/arm-none-eabi/4.9.3/../../../../arm-none-eabi/lib/armv7e-m/fpu\libnosys.a(_exit.o)
                0x00000554                _exit
 .text.NVIC_SystemReset
                0x00000558       0x24 _build/system_nrf52.o
 .text.SystemCoreClockUpdate
                0x0000057c       0x10 _build/system_nrf52.o
                0x0000057c                SystemCoreClockUpdate
 .text.SystemInit
                0x0000058c      0x254 _build/system_nrf52.o
                0x0000058c                SystemInit
 .text.errata_16
                0x000007e0       0x38 _build/system_nrf52.o
 .text.errata_31
                0x00000818       0x58 _build/system_nrf52.o
 .text.errata_32
                0x00000870       0x38 _build/system_nrf52.o
 .text.errata_36
                0x000008a8       0x58 _build/system_nrf52.o
 .text.errata_37
                0x00000900       0x38 _build/system_nrf52.o
 .text.errata_57
                0x00000938       0x38 _build/system_nrf52.o
 .text.errata_66
                0x00000970       0x38 _build/system_nrf52.o
 .text.NVIC_SystemReset
                0x000009a8       0x24 _build/main.o
 .text.nrf_gpio_pin_clear
                0x000009cc       0x18 _build/main.o
 .text.clocks_start
                0x000009e4       0x24 _build/main.o
                0x000009e4                clocks_start
 .text.nrf_esb_event_handler
                0x00000a08       0x28 _build/main.o
                0x00000a08                nrf_esb_event_handler
 .text.esb_init
                0x00000a30       0xcc _build/main.o
                0x00000a30                esb_init
 .text.spi_transaction
                0x00000afc      0x194 _build/main.o
                0x00000afc                spi_transaction
 .text.debug_pack
                0x00000c90       0x70 _build/main.o
                0x00000c90                debug_pack
 .text.main     0x00000d00      0x7b8 _build/main.o
                0x00000d00                main
 .text.flashwriting_page_erase
                0x000014b8       0x48 _build/flashwriting.o
                0x000014b8                flashwriting_page_erase
 .text.flash_word_write
                0x00001500       0x48 _build/flashwriting.o
                0x00001500                flash_word_write
 .text.init_flash
                0x00001548       0x7c _build/flashwriting.o
                0x00001548                init_flash
 .text.flash_array_write
                0x000015c4       0x5c _build/flashwriting.o
                0x000015c4                flash_array_write
 .text.nrf_delay_ms
                0x00001620       0x98 _build/nrf_delay.o
                0x00001620                nrf_delay_ms
 .text.NVIC_EnableIRQ
                0x000016b8       0x2c _build/nrf_drv_common.o
 .text.NVIC_ClearPendingIRQ
                0x000016e4       0x2c _build/nrf_drv_common.o
 .text.NVIC_SetPriority
                0x00001710       0x4c _build/nrf_drv_common.o
 .text.nrf_drv_common_irq_enable
                0x0000175c       0x3c _build/nrf_drv_common.o
                0x0000175c                nrf_drv_common_irq_enable
 .text.nrf_spim_task_trigger
                0x00001798       0x1c _build/nrf_drv_spi.o
 .text.nrf_spim_event_clear
                0x000017b4       0x1c _build/nrf_drv_spi.o
 .text.nrf_spim_event_check
                0x000017d0       0x24 _build/nrf_drv_spi.o
 .text.nrf_spim_int_enable
                0x000017f4       0x14 _build/nrf_drv_spi.o
 .text.nrf_spim_int_disable
                0x00001808       0x14 _build/nrf_drv_spi.o
 .text.nrf_spim_tx_buffer_set
                0x0000181c       0x24 _build/nrf_drv_spi.o
 .text.nrf_spim_rx_buffer_set
                0x00001840       0x24 _build/nrf_drv_spi.o
 .text.nrf_spim_tx_list_enable
                0x00001864       0x10 _build/nrf_drv_spi.o
 .text.nrf_spim_tx_list_disable
                0x00001874       0x10 _build/nrf_drv_spi.o
 .text.nrf_spim_rx_list_enable
                0x00001884       0x10 _build/nrf_drv_spi.o
 .text.nrf_spim_rx_list_disable
                0x00001894       0x10 _build/nrf_drv_spi.o
 .text.nrf_drv_is_in_RAM
                0x000018a4       0x1c _build/nrf_drv_spi.o
 .text.nrf_gpio_pin_set
                0x000018c0       0x18 _build/nrf_drv_spi.o
 .text.nrf_gpio_pin_clear
                0x000018d8       0x18 _build/nrf_drv_spi.o
 .text.nrf_drv_spi_transfer
                0x000018f0       0x40 _build/nrf_drv_spi.o
                0x000018f0                nrf_drv_spi_transfer
 .text.finish_transfer
                0x00001930       0x38 _build/nrf_drv_spi.o
 .text.spim_int_enable
                0x00001968       0x34 _build/nrf_drv_spi.o
 .text.spim_list_enable_handle
                0x0000199c       0x40 _build/nrf_drv_spi.o
 .text.spim_xfer
                0x000019dc      0x11c _build/nrf_drv_spi.o
 .text.nrf_drv_spi_xfer
                0x00001af8       0x90 _build/nrf_drv_spi.o
                0x00001af8                nrf_drv_spi_xfer
 .text.irq_handler_spim
                0x00001b88       0x30 _build/nrf_drv_spi.o
 .text.SPIM0_SPIS0_TWIM0_TWIS0_SPI0_TWI0_IRQHandler
                0x00001bb8       0x20 _build/nrf_drv_spi.o
                0x00001bb8                SPIM0_SPIS0_TWIM0_TWIS0_SPI0_TWI0_IRQHandler
 .text.nrf_gpiote_event_is_set
                0x00001bd8       0x2c _build/nrf_drv_gpiote.o
 .text.nrf_gpiote_event_clear
                0x00001c04       0x34 _build/nrf_drv_gpiote.o
 .text.nrf_gpiote_event_addr_get
                0x00001c38       0x1c _build/nrf_drv_gpiote.o
 .text.nrf_gpiote_int_enable
                0x00001c54       0x14 _build/nrf_drv_gpiote.o
 .text.nrf_gpiote_int_is_enabled
                0x00001c68       0x18 _build/nrf_drv_gpiote.o
 .text.nrf_gpiote_event_pin_get
                0x00001c80       0x20 _build/nrf_drv_gpiote.o
 .text.nrf_gpiote_event_polarity_get
                0x00001ca0       0x24 _build/nrf_drv_gpiote.o
 .text.nrf_gpio_cfg_sense_set
                0x00001cc4       0x54 _build/nrf_drv_gpiote.o
 .text.nrf_gpio_pin_read
                0x00001d18       0x1c _build/nrf_drv_gpiote.o
 .text.nrf_gpio_pins_read
                0x00001d34        0xc _build/nrf_drv_gpiote.o
 .text.nrf_gpio_pin_sense_get
                0x00001d40       0x20 _build/nrf_drv_gpiote.o
 .text.pin_in_use_clear
                0x00001d60       0x18 _build/nrf_drv_gpiote.o
 .text.channel_port_get
                0x00001d78       0x1c _build/nrf_drv_gpiote.o
 .text.channel_handler_get
                0x00001d94       0x18 _build/nrf_drv_gpiote.o
 .text.channel_free
                0x00001dac       0x38 _build/nrf_drv_gpiote.o
 .text.nrf_drv_gpiote_init
                0x00001de4       0x80 _build/nrf_drv_gpiote.o
                0x00001de4                nrf_drv_gpiote_init
 .text.nrf_drv_gpiote_is_init
                0x00001e64       0x18 _build/nrf_drv_gpiote.o
                0x00001e64                nrf_drv_gpiote_is_init
 .text.nrf_drv_gpiote_in_is_set
                0x00001e7c       0x20 _build/nrf_drv_gpiote.o
                0x00001e7c                nrf_drv_gpiote_in_is_set
 .text.GPIOTE_IRQHandler
                0x00001e9c      0x23c _build/nrf_drv_gpiote.o
                0x00001e9c                GPIOTE_IRQHandler
 .text.NVIC_EnableIRQ
                0x000020d8       0x2c _build/nrf_esb.o
 .text.NVIC_DisableIRQ
                0x00002104       0x2c _build/nrf_esb.o
 .text.NVIC_SetPendingIRQ
                0x00002130       0x2c _build/nrf_esb.o
 .text.NVIC_ClearPendingIRQ
                0x0000215c       0x2c _build/nrf_esb.o
 .text.NVIC_SetPriority
                0x00002188       0x4c _build/nrf_esb.o
 .text.bytewise_bit_swap
                0x000021d4       0x28 _build/nrf_esb.o
 .text.addr_conv
                0x000021fc       0x20 _build/nrf_esb.o
 .text.update_rf_payload_format_esb_dpl
                0x0000221c       0x34 _build/nrf_esb.o
 .text.update_rf_payload_format_esb
                0x00002250       0x3c _build/nrf_esb.o
 .text.update_radio_addresses
                0x0000228c       0x80 _build/nrf_esb.o
 .text.update_radio_tx_power
                0x0000230c       0x14 _build/nrf_esb.o
 .text.update_radio_bitrate
                0x00002320       0x58 _build/nrf_esb.o
 .text.update_radio_protocol
                0x00002378       0x30 _build/nrf_esb.o
 .text.update_radio_crc
                0x000023a8       0x50 _build/nrf_esb.o
 .text.update_radio_parameters
                0x000023f8       0x28 _build/nrf_esb.o
 .text.reset_fifos
                0x00002420       0x30 _build/nrf_esb.o
 .text.initialize_fifos
                0x00002450       0x74 _build/nrf_esb.o
 .text.tx_fifo_remove_last
                0x000024c4       0x40 _build/nrf_esb.o
 .text.rx_fifo_push_rfbuf
                0x00002504      0x104 _build/nrf_esb.o
 .text.sys_timer_init
                0x00002608       0x20 _build/nrf_esb.o
 .text.ppi_init
                0x00002628       0x68 _build/nrf_esb.o
 .text.start_tx_transaction
                0x00002690      0x1e8 _build/nrf_esb.o
 .text.RADIO_IRQHandler
                0x00002878       0x8c _build/nrf_esb.o
                0x00002878                RADIO_IRQHandler
 .text.on_radio_disabled_tx_noack
                0x00002904       0x40 _build/nrf_esb.o
 .text.on_radio_disabled_tx
                0x00002944       0xa4 _build/nrf_esb.o
 .text.on_radio_disabled_tx_wait_for_ack
                0x000029e8      0x17c _build/nrf_esb.o
 .text.clear_events_restart_rx
                0x00002b64       0x64 _build/nrf_esb.o
 .text.on_radio_disabled_rx
                0x00002bc8      0x23c _build/nrf_esb.o
 .text.on_radio_disabled_rx_ack
                0x00002e04       0x4c _build/nrf_esb.o
 .text.nrf_esb_init
                0x00002e50       0xbc _build/nrf_esb.o
                0x00002e50                nrf_esb_init
 .text.nrf_esb_disable
                0x00002f0c       0x54 _build/nrf_esb.o
                0x00002f0c                nrf_esb_disable
 .text.SWI0_EGU0_IRQHandler
                0x00002f60       0x80 _build/nrf_esb.o
                0x00002f60                SWI0_EGU0_IRQHandler
 .text.nrf_esb_write_payload
                0x00002fe0      0x138 _build/nrf_esb.o
                0x00002fe0                nrf_esb_write_payload
 .text.nrf_esb_read_rx_payload
                0x00003118       0xcc _build/nrf_esb.o
                0x00003118                nrf_esb_read_rx_payload
 .text.nrf_esb_start_rx
                0x000031e4       0xa4 _build/nrf_esb.o
                0x000031e4                nrf_esb_start_rx
 .text.nrf_esb_get_clear_interrupts
                0x00003288       0x50 _build/nrf_esb.o
                0x00003288                nrf_esb_get_clear_interrupts
 .text.nrf_esb_set_base_address_0
                0x000032d8       0x40 _build/nrf_esb.o
                0x000032d8                nrf_esb_set_base_address_0
 .text.nrf_esb_set_base_address_1
                0x00003318       0x40 _build/nrf_esb.o
                0x00003318                nrf_esb_set_base_address_1
 .text.nrf_esb_set_prefixes
                0x00003358       0x74 _build/nrf_esb.o
                0x00003358                nrf_esb_set_prefixes
 .text.app_error_handler_bare
                0x000033cc       0x28 _build/app_error.o
                0x000033cc                app_error_handler_bare
 .text.NVIC_SystemReset
                0x000033f4       0x24 _build/app_error_weak.o
 .text.app_error_fault_handler
                0x00003418       0x14 _build/app_error_weak.o
                0x00003418                app_error_fault_handler
 .text._Init    0x0000342c        0x4 _build/SEGGER_RTT.o
 .text.SEGGER_RTT_Write
                0x00003430      0x220 _build/SEGGER_RTT.o
                0x00003430                SEGGER_RTT_Write
 .text.SEGGER_RTT_Init
                0x00003650        0x8 _build/SEGGER_RTT.o
                0x00003650                SEGGER_RTT_Init
 .text._StoreChar
                0x00003658       0x80 _build/SEGGER_RTT_printf.o
 .text._PrintUnsigned
                0x000036d8      0x150 _build/SEGGER_RTT_printf.o
 .text._PrintInt
                0x00003828      0x140 _build/SEGGER_RTT_printf.o
 .text.SEGGER_RTT_vprintf
                0x00003968      0x314 _build/SEGGER_RTT_printf.o
                0x00003968                SEGGER_RTT_vprintf
 .text.SEGGER_RTT_printf
                0x00003c7c       0x28 _build/SEGGER_RTT_printf.o
                0x00003c7c                SEGGER_RTT_printf
 .text.pstorage_callback_handler
                0x00003ca4       0x40 _build/bootloader.o
 .text.bootloader_app_is_valid
                0x00003ce4       0x74 _build/bootloader.o
                0x00003ce4                bootloader_app_is_valid
 .text.bootloader_init
                0x00003d58       0x58 _build/bootloader.o
                0x00003d58                bootloader_init
 .text.bootloader_util_settings_get
                0x00003db0       0x18 _build/bootloader_settings.o
                0x00003db0                bootloader_util_settings_get
 .text.bootloader_util_reset
                0x00003dc8       0x44 _build/bootloader_util.o
 .text.bootloader_util_app_start
                0x00003e0c       0x14 _build/bootloader_util.o
                0x00003e0c                bootloader_util_app_start
 .text.crc16_compute
                0x00003e20       0xac _build/crc16.o
                0x00003e20                crc16_compute
 .text.pstorage_flash_page_size
                0x00003ecc        0xc _build/pstorage.o
 .text.pstorage_flash_page_end
                0x00003ed8       0x34 _build/pstorage.o
 .text.cmd_queue_element_init
                0x00003f0c       0x80 _build/pstorage.o
 .text.cmd_queue_init
                0x00003f8c       0x34 _build/pstorage.o
 .text.pstorage_init
                0x00003fc0       0xc4 _build/pstorage.o
                0x00003fc0                pstorage_init
 .text.pstorage_register
                0x00004084      0x128 _build/pstorage.o
                0x00004084                pstorage_register
 .text.sd_evt_get
                0x000041ac        0x8 _build/softdevice_handler.o
 .text.intern_softdevice_events_execute
                0x000041b4       0x80 _build/softdevice_handler.o
                0x000041b4                intern_softdevice_events_execute
 .text.SWI2_EGU2_IRQHandler
                0x00004234       0x38 _build/softdevice_handler.o
                0x00004234                SWI2_EGU2_IRQHandler
 .text          0x0000426c       0x3c _build/gcc_startup_nrf52.o
                0x0000426c                Reset_Handler
                0x00004294                NMI_Handler
                0x00004296                HardFault_Handler
                0x00004298                MemoryManagement_Handler
                0x0000429a                BusFault_Handler
                0x0000429c                UsageFault_Handler
                0x0000429e                SVC_Handler
                0x000042a0                DebugMonitor_Handler
                0x000042a2                PendSV_Handler
                0x000042a4                SysTick_Handler
                0x000042a6                QDEC_IRQHandler
                0x000042a6                TIMER3_IRQHandler
                0x000042a6                FPU_IRQHandler
                0x000042a6                POWER_CLOCK_IRQHandler
                0x000042a6                TEMP_IRQHandler
                0x000042a6                TIMER4_IRQHandler
                0x000042a6                I2S_IRQHandler
                0x000042a6                SWI4_EGU4_IRQHandler
                0x000042a6                TIMER0_IRQHandler
                0x000042a6                UARTE0_UART0_IRQHandler
                0x000042a6                PWM1_IRQHandler
                0x000042a6                PWM2_IRQHandler
                0x000042a6                ECB_IRQHandler
                0x000042a6                SPIM1_SPIS1_TWIM1_TWIS1_SPI1_TWI1_IRQHandler
                0x000042a6                Default_Handler
                0x000042a6                SAADC_IRQHandler
                0x000042a6                CCM_AAR_IRQHandler
                0x000042a6                WDT_IRQHandler
                0x000042a6                PDM_IRQHandler
                0x000042a6                SWI5_EGU5_IRQHandler
                0x000042a6                RNG_IRQHandler
                0x000042a6                RTC2_IRQHandler
                0x000042a6                PWM0_IRQHandler
                0x000042a6                SWI3_EGU3_IRQHandler
                0x000042a6                RTC1_IRQHandler
                0x000042a6                SWI1_EGU1_IRQHandler
                0x000042a6                SPIM2_SPIS2_SPI2_IRQHandler
                0x000042a6                NFCT_IRQHandler
                0x000042a6                RTC0_IRQHandler
                0x000042a6                MWU_IRQHandler
                0x000042a6                TIMER1_IRQHandler
                0x000042a6                TIMER2_IRQHandler
                0x000042a6                COMP_LPCOMP_IRQHandler
 .text.memcpy   0x000042a8       0x16 c:/program files (x86)/gnu tools arm embedded/4.9 2015q3/bin/../lib/gcc/arm-none-eabi/4.9.3/../../../../arm-none-eabi/lib/armv7e-m/fpu\libc_nano.a(lib_a-memcpy.o)
                0x000042a8                memcpy
 *(.init)
 *fill*         0x000042be        0x2 
 .init          0x000042c0        0x4 c:/program files (x86)/gnu tools arm embedded/4.9 2015q3/bin/../lib/gcc/arm-none-eabi/4.9.3/armv7e-m/fpu/crti.o
                0x000042c0                _init
 .init          0x000042c4        0x8 c:/program files (x86)/gnu tools arm embedded/4.9 2015q3/bin/../lib/gcc/arm-none-eabi/4.9.3/armv7e-m/fpu/crtn.o
 *(.fini)
 .fini          0x000042cc        0x4 c:/program files (x86)/gnu tools arm embedded/4.9 2015q3/bin/../lib/gcc/arm-none-eabi/4.9.3/armv7e-m/fpu/crti.o
                0x000042cc                _fini
 .fini          0x000042d0        0x8 c:/program files (x86)/gnu tools arm embedded/4.9 2015q3/bin/../lib/gcc/arm-none-eabi/4.9.3/armv7e-m/fpu/crtn.o
 *crtbegin.o(.ctors)
 *crtbegin?.o(.ctors)
 *(EXCLUDE_FILE(*crtend.o *crtend?.o) .ctors)
 *(SORT(.ctors.*))
 *(.ctors)
 *crtbegin.o(.dtors)
 *crtbegin?.o(.dtors)
 *(EXCLUDE_FILE(*crtend.o *crtend?.o) .dtors)
 *(SORT(.dtors.*))
 *(.dtors)
 *(.rodata*)
 .rodata.str1.1
                0x000042d8        0x2 c:/program files (x86)/gnu tools arm embedded/4.9 2015q3/bin/../lib/gcc/arm-none-eabi/4.9.3/../../../../arm-none-eabi/lib/armv7e-m/fpu\libc_nano.a(lib_a-impure.o)
 *fill*         0x000042da        0x2 
 .rodata._global_impure_ptr
                0x000042dc        0x4 c:/program files (x86)/gnu tools arm embedded/4.9 2015q3/bin/../lib/gcc/arm-none-eabi/4.9.3/../../../../arm-none-eabi/lib/armv7e-m/fpu\libc_nano.a(lib_a-impure.o)
                0x000042dc                _global_impure_ptr
 .rodata.spi    0x000042e0        0x8 _build/main.o
 .rodata        0x000042e8       0x48 _build/main.o
 .rodata        0x00004330        0x9 _build/SEGGER_RTT.o
 *fill*         0x00004339        0x3 
 .rodata._aV2C.4287
                0x0000433c       0x10 _build/SEGGER_RTT_printf.o
 *(.eh_frame*)
 .eh_frame      0x0000434c        0x0 c:/program files (x86)/gnu tools arm embedded/4.9 2015q3/bin/../lib/gcc/arm-none-eabi/4.9.3/armv7e-m/fpu/crtbegin.o
 .eh_frame      0x0000434c        0x4 c:/program files (x86)/gnu tools arm embedded/4.9 2015q3/bin/../lib/gcc/arm-none-eabi/4.9.3/armv7e-m/fpu/crtend.o

.glue_7         0x00004350        0x0
 .glue_7        0x00000000        0x0 linker stubs

.glue_7t        0x00004350        0x0
 .glue_7t       0x00000000        0x0 linker stubs

.vfp11_veneer   0x00004350        0x0
 .vfp11_veneer  0x00000000        0x0 linker stubs

.v4_bx          0x00004350        0x0
 .v4_bx         0x00000000        0x0 linker stubs

.iplt           0x00004350        0x0
 .iplt          0x00000000        0x0 c:/program files (x86)/gnu tools arm embedded/4.9 2015q3/bin/../lib/gcc/arm-none-eabi/4.9.3/armv7e-m/fpu/crtbegin.o

.ARM.extab
 *(.ARM.extab* .gnu.linkonce.armextab.*)
                0x00004350                __exidx_start = .

.ARM.exidx      0x00004350        0x8
 *(.ARM.exidx* .gnu.linkonce.armexidx.*)
 .ARM.exidx     0x00004350        0x8 c:/program files (x86)/gnu tools arm embedded/4.9 2015q3/bin/../lib/gcc/arm-none-eabi/4.9.3/../../../../arm-none-eabi/lib/armv7e-m/fpu/crt0.o
                0x00004358                __exidx_end = .
                0x00004358                __etext = .

.rel.dyn        0x00004358        0x0
 .rel.iplt      0x00000000        0x0 c:/program files (x86)/gnu tools arm embedded/4.9 2015q3/bin/../lib/gcc/arm-none-eabi/4.9.3/armv7e-m/fpu/crtbegin.o

.data           0x20000000      0x19c load address 0x00004358
                0x20000000                __data_start__ = .
 *(vtable)
 *(.data*)
 .data.impure_data
                0x20000000       0x60 c:/program files (x86)/gnu tools arm embedded/4.9 2015q3/bin/../lib/gcc/arm-none-eabi/4.9.3/../../../../arm-none-eabi/lib/armv7e-m/fpu\libc_nano.a(lib_a-impure.o)
 .data.SystemCoreClock
                0x20000060        0x4 _build/system_nrf52.o
                0x20000060                SystemCoreClock
 .data.tx_payload
                0x20000064       0x25 _build/main.o
 *fill*         0x20000089        0x3 
 .data.rxfifo_empty_payload
                0x2000008c       0x25 _build/main.o
 *fill*         0x200000b1        0x3 
 .data.validation_payload
                0x200000b4       0x25 _build/main.o
 *fill*         0x200000d9        0x3 
 .data.debug_payload
                0x200000dc       0x25 _build/main.o
 *fill*         0x20000101        0x3 
 .data.m_esb_addr
                0x20000104       0x14 _build/nrf_esb.o
 .data._SEGGER_RTT
                0x20000118       0x78 _build/SEGGER_RTT.o
                0x20000190                . = ALIGN (0x4)
                0x20000190                PROVIDE (__preinit_array_start, .)
 *(.preinit_array)
                0x20000190                PROVIDE (__preinit_array_end, .)
                0x20000190                . = ALIGN (0x4)
                0x20000190                PROVIDE (__init_array_start, .)
 *(SORT(.init_array.*))
 *(.init_array)
 .init_array    0x20000190        0x4 c:/program files (x86)/gnu tools arm embedded/4.9 2015q3/bin/../lib/gcc/arm-none-eabi/4.9.3/armv7e-m/fpu/crtbegin.o
                0x20000194                PROVIDE (__init_array_end, .)
                0x20000194                . = ALIGN (0x4)
                0x20000194                PROVIDE (__fini_array_start, .)
 *(SORT(.fini_array.*))
 *(.fini_array)
 .fini_array    0x20000194        0x4 c:/program files (x86)/gnu tools arm embedded/4.9 2015q3/bin/../lib/gcc/arm-none-eabi/4.9.3/armv7e-m/fpu/crtbegin.o
                0x20000198                PROVIDE (__fini_array_end, .)
 *(.jcr*)
 .jcr           0x20000198        0x0 c:/program files (x86)/gnu tools arm embedded/4.9 2015q3/bin/../lib/gcc/arm-none-eabi/4.9.3/armv7e-m/fpu/crtbegin.o
 .jcr           0x20000198        0x4 c:/program files (x86)/gnu tools arm embedded/4.9 2015q3/bin/../lib/gcc/arm-none-eabi/4.9.3/armv7e-m/fpu/crtend.o
                0x2000019c                . = ALIGN (0x4)
                0x2000019c                __data_end__ = .
LOAD c:/program files (x86)/gnu tools arm embedded/4.9 2015q3/bin/../lib/gcc/arm-none-eabi/4.9.3/armv7e-m/fpu/crti.o
LOAD c:/program files (x86)/gnu tools arm embedded/4.9 2015q3/bin/../lib/gcc/arm-none-eabi/4.9.3/armv7e-m/fpu/crtbegin.o
LOAD c:/program files (x86)/gnu tools arm embedded/4.9 2015q3/bin/../lib/gcc/arm-none-eabi/4.9.3/../../../../arm-none-eabi/lib/armv7e-m/fpu/crt0.o
LOAD c:/program files (x86)/gnu tools arm embedded/4.9 2015q3/bin/../lib/gcc/arm-none-eabi/4.9.3/../../../../arm-none-eabi/lib/armv7e-m/fpu\libc_nano.a
LOAD c:/program files (x86)/gnu tools arm embedded/4.9 2015q3/bin/../lib/gcc/arm-none-eabi/4.9.3/../../../../arm-none-eabi/lib/armv7e-m/fpu\libnosys.a
LOAD _build/system_nrf52.o
LOAD _build/main.o
LOAD _build/flashwriting.o
LOAD _build/nrf_delay.o
LOAD _build/nrf_drv_common.o
LOAD _build/nrf_drv_spi.o
LOAD _build/nrf_drv_gpiote.o
LOAD _build/nrf_esb.o
LOAD _build/app_error.o
LOAD _build/app_error_weak.o
LOAD _build/nrf_assert.o
LOAD _build/SEGGER_RTT.o
LOAD _build/SEGGER_RTT_printf.o
LOAD _build/RTT_Syscalls_GCC.o
LOAD _build/app_timer_appsh.o
LOAD _build/bootloader.o
LOAD _build/bootloader_settings.o
LOAD _build/bootloader_util.o
LOAD _build/crc16.o
LOAD _build/dfu_dual_bank.o
LOAD _build/dfu_init_template.o
LOAD _build/hci_mem_pool.o
LOAD _build/pstorage.o
LOAD _build/softdevice_handler.o
LOAD _build/softdevice_handler_appsh.o
LOAD _build/app_scheduler.o
LOAD _build/app_util_platform.o
LOAD _build/gcc_startup_nrf52.o
LOAD c:/program files (x86)/gnu tools arm embedded/4.9 2015q3/bin/../lib/gcc/arm-none-eabi/4.9.3/../../../../arm-none-eabi/lib/armv7e-m/fpu\libm.a
START GROUP
LOAD c:/program files (x86)/gnu tools arm embedded/4.9 2015q3/bin/../lib/gcc/arm-none-eabi/4.9.3/armv7e-m/fpu\libgcc.a
LOAD c:/program files (x86)/gnu tools arm embedded/4.9 2015q3/bin/../lib/gcc/arm-none-eabi/4.9.3/../../../../arm-none-eabi/lib/armv7e-m/fpu\libc_nano.a
END GROUP
START GROUP
LOAD c:/program files (x86)/gnu tools arm embedded/4.9 2015q3/bin/../lib/gcc/arm-none-eabi/4.9.3/armv7e-m/fpu\libgcc.a
LOAD c:/program files (x86)/gnu tools arm embedded/4.9 2015q3/bin/../lib/gcc/arm-none-eabi/4.9.3/../../../../arm-none-eabi/lib/armv7e-m/fpu\libc_nano.a
END GROUP
LOAD c:/program files (x86)/gnu tools arm embedded/4.9 2015q3/bin/../lib/gcc/arm-none-eabi/4.9.3/armv7e-m/fpu/crtend.o
LOAD c:/program files (x86)/gnu tools arm embedded/4.9 2015q3/bin/../lib/gcc/arm-none-eabi/4.9.3/armv7e-m/fpu/crtn.o
START GROUP
LOAD c:/program files (x86)/gnu tools arm embedded/4.9 2015q3/bin/../lib/gcc/arm-none-eabi/4.9.3/armv7e-m/fpu\libgcc.a
LOAD c:/program files (x86)/gnu tools arm embedded/4.9 2015q3/bin/../lib/gcc/arm-none-eabi/4.9.3/../../../../arm-none-eabi/lib/armv7e-m/fpu\libc.a
LOAD c:/program files (x86)/gnu tools arm embedded/4.9 2015q3/bin/../lib/gcc/arm-none-eabi/4.9.3/../../../../arm-none-eabi/lib/armv7e-m/fpu\libnosys.a
END GROUP

.igot.plt       0x2000019c        0x0 load address 0x000044f4
 .igot.plt      0x00000000        0x0 c:/program files (x86)/gnu tools arm embedded/4.9 2015q3/bin/../lib/gcc/arm-none-eabi/4.9.3/armv7e-m/fpu/crtbegin.o

.bootloaderSettings
                0x2000019c     0x1000 load address 0x000044f4
 .bootloaderSettings
                0x2000019c     0x1000 _build/bootloader_settings.o
                0x2000019c                m_boot_settings

.app            0x00000000        0x0
 *(.app)
                0x00000000                _eapp = .

.uicr           0x1000120c        0x0 load address 0x00000000
                0x1000120c                _uicr = .
 *(.uicr)
                0x1000120c                _euicr = .

.fs_data        0x2000119c        0x0
                0x2000119c                PROVIDE (__start_fs_data, .)
 *(.fs_data)
                0x2000119c                PROVIDE (__stop_fs_data, .)

.bss            0x2000119c      0xd70 load address 0x000054f4
                0x2000119c                . = ALIGN (0x4)
                0x2000119c                __bss_start__ = .
 *(.bss*)
 .bss           0x2000119c       0x1c c:/program files (x86)/gnu tools arm embedded/4.9 2015q3/bin/../lib/gcc/arm-none-eabi/4.9.3/armv7e-m/fpu/crtbegin.o
 .bss.m_tx_buf  0x200011b8        0x2 _build/main.o
 *fill*         0x200011ba        0x2 
 .bss.m_rx_buf  0x200011bc        0x2 _build/main.o
 *fill*         0x200011be        0x2 
 .bss.transmit_to_chip
                0x200011c0      0x400 _build/main.o
 .bss.spibuffer_r_ptr
                0x200015c0        0x4 _build/main.o
 .bss.spibuffer_w_ptr
                0x200015c4        0x4 _build/main.o
 .bss.fpga_checksum
                0x200015c8        0x4 _build/main.o
 .bss.spitransaction_flag
                0x200015cc        0x4 _build/main.o
 .bss.readpackets_flag
                0x200015d0        0x4 _build/main.o
 .bss.fpga_accept_flag
                0x200015d4        0x4 _build/main.o
 .bss.debug_flag
                0x200015d8        0x4 _build/main.o
 .bss.spibuffer_sz
                0x200015dc        0x4 _build/main.o
 .bss.packetid  0x200015e0        0x1 _build/main.o
 .bss.tx_fifo_size
                0x200015e1        0x1 _build/main.o
 *fill*         0x200015e2        0x2 
 .bss.rx_payload
                0x200015e4       0x25 _build/main.o
 *fill*         0x20001609        0x3 
 .bss.errcode   0x2000160c        0x4 _build/main.o
 .bss.m_cb      0x20001610       0x20 _build/nrf_drv_spi.o
 .bss.m_cb      0x20001630       0x58 _build/nrf_drv_gpiote.o
 .bss.m_esb_initialized
                0x20001688        0x1 _build/nrf_esb.o
 .bss.m_nrf_esb_mainstate
                0x20001689        0x1 _build/nrf_esb.o
 *fill*         0x2000168a        0x2 
 .bss.mp_current_payload
                0x2000168c        0x4 _build/nrf_esb.o
 .bss.m_event_handler
                0x20001690        0x4 _build/nrf_esb.o
 .bss.m_config_local
                0x20001694       0x18 _build/nrf_esb.o
 .bss.m_tx_fifo_payload
                0x200016ac      0x128 _build/nrf_esb.o
 .bss.m_tx_fifo
                0x200017d4       0x2c _build/nrf_esb.o
 .bss.m_rx_fifo_payload
                0x20001800      0x128 _build/nrf_esb.o
 .bss.m_rx_fifo
                0x20001928       0x2c _build/nrf_esb.o
 .bss.m_tx_payload_buffer
                0x20001954       0x22 _build/nrf_esb.o
 *fill*         0x20001976        0x2 
 .bss.m_rx_payload_buffer
                0x20001978       0x22 _build/nrf_esb.o
 *fill*         0x2000199a        0x2 
 .bss.m_interrupt_flags
                0x2000199c        0x4 _build/nrf_esb.o
 .bss.m_pids    0x200019a0        0x9 _build/nrf_esb.o
 *fill*         0x200019a9        0x3 
 .bss.m_rx_pipe_info
                0x200019ac       0x24 _build/nrf_esb.o
 .bss.m_retransmits_remaining
                0x200019d0        0x4 _build/nrf_esb.o
 .bss.m_last_tx_attempts
                0x200019d4        0x4 _build/nrf_esb.o
 .bss.m_wait_for_ack_timeout_us
                0x200019d8        0x4 _build/nrf_esb.o
 .bss.on_radio_disabled
                0x200019dc        0x4 _build/nrf_esb.o
 .bss.on_radio_end
                0x200019e0        0x4 _build/nrf_esb.o
 .bss.update_rf_payload_format
                0x200019e4        0x4 _build/nrf_esb.o
 .bss._acUpBuffer
                0x200019e8      0x400 _build/SEGGER_RTT.o
 .bss._acDownBuffer
                0x20001de8       0x10 _build/SEGGER_RTT.o
 .bss.m_bootsettings_handle
                0x20001df8        0x8 _build/bootloader.o
 .bss.m_update_status
                0x20001e00        0x1 _build/bootloader.o
 *fill*         0x20001e01        0x3 
 .bss.m_cmd_queue
                0x20001e04       0xcc _build/pstorage.o
 .bss.m_next_app_instance
                0x20001ed0        0x2 _build/pstorage.o
 *fill*         0x20001ed2        0x2 
 .bss.m_next_page_addr
                0x20001ed4        0x4 _build/pstorage.o
 .bss.m_state   0x20001ed8        0x1 _build/pstorage.o
 *fill*         0x20001ed9        0x3 
 .bss.m_current_page_id
                0x20001edc        0x4 _build/pstorage.o
 .bss.m_num_of_command_retries
                0x20001ee0        0x4 _build/pstorage.o
 .bss.m_app_table
                0x20001ee4        0xc _build/pstorage.o
 .bss.m_num_of_bytes_written
                0x20001ef0        0x4 _build/pstorage.o
 .bss.m_flags   0x20001ef4        0x4 _build/pstorage.o
 .bss.m_evt_schedule_func
                0x20001ef8        0x4 _build/softdevice_handler.o
 .bss.m_softdevice_enabled
                0x20001efc        0x1 _build/softdevice_handler.o
 *fill*         0x20001efd        0x3 
 .bss.m_sys_evt_handler
                0x20001f00        0x4 _build/softdevice_handler.o
 *(COMMON)
 COMMON         0x20001f04        0x4 _build/main.o
                0x20001f04                boot_settings
 COMMON         0x20001f08        0x4 _build/flashwriting.o
                0x20001f08                start_addr
                0x20001f0c                . = ALIGN (0x4)
                0x20001f0c                __bss_end__ = .

.heap           0x20001f10        0x0
                0x20001f10                __end__ = .
                0x20001f10                PROVIDE (end, .)
 *(.heap*)
 .heap          0x20001f10        0x0 _build/gcc_startup_nrf52.o
                0x20001f10                __HeapLimit = .

.stack_dummy    0x20001f10     0x2000
 *(.stack*)
 .stack         0x20001f10     0x2000 _build/gcc_startup_nrf52.o
                0x20010000                __StackTop = (ORIGIN (RAM) + 0x10000)
                0x2000e000                __StackLimit = (__StackTop - SIZEOF (.stack_dummy))
                0x20010000                PROVIDE (__stack, __StackTop)
                0x00000001                ASSERT ((__StackLimit >= __HeapLimit), region RAM overflowed with stack)
OUTPUT(_build/nrf52832_xxaa.out elf32-littlearm)

.ARM.attributes
                0x00000000       0x30
 .ARM.attributes
                0x00000000       0x22 c:/program files (x86)/gnu tools arm embedded/4.9 2015q3/bin/../lib/gcc/arm-none-eabi/4.9.3/armv7e-m/fpu/crti.o
 .ARM.attributes
                0x00000022       0x34 c:/program files (x86)/gnu tools arm embedded/4.9 2015q3/bin/../lib/gcc/arm-none-eabi/4.9.3/armv7e-m/fpu/crtbegin.o
 .ARM.attributes
                0x00000056       0x20 c:/program files (x86)/gnu tools arm embedded/4.9 2015q3/bin/../lib/gcc/arm-none-eabi/4.9.3/../../../../arm-none-eabi/lib/armv7e-m/fpu/crt0.o
 .ARM.attributes
                0x00000076       0x34 c:/program files (x86)/gnu tools arm embedded/4.9 2015q3/bin/../lib/gcc/arm-none-eabi/4.9.3/../../../../arm-none-eabi/lib/armv7e-m/fpu\libc_nano.a(lib_a-exit.o)
 .ARM.attributes
                0x000000aa       0x34 c:/program files (x86)/gnu tools arm embedded/4.9 2015q3/bin/../lib/gcc/arm-none-eabi/4.9.3/../../../../arm-none-eabi/lib/armv7e-m/fpu\libc_nano.a(lib_a-impure.o)
 .ARM.attributes
                0x000000de       0x34 c:/program files (x86)/gnu tools arm embedded/4.9 2015q3/bin/../lib/gcc/arm-none-eabi/4.9.3/../../../../arm-none-eabi/lib/armv7e-m/fpu\libc_nano.a(lib_a-init.o)
 .ARM.attributes
                0x00000112       0x34 c:/program files (x86)/gnu tools arm embedded/4.9 2015q3/bin/../lib/gcc/arm-none-eabi/4.9.3/../../../../arm-none-eabi/lib/armv7e-m/fpu\libc_nano.a(lib_a-memset.o)
 .ARM.attributes
                0x00000146       0x34 c:/program files (x86)/gnu tools arm embedded/4.9 2015q3/bin/../lib/gcc/arm-none-eabi/4.9.3/../../../../arm-none-eabi/lib/armv7e-m/fpu\libnosys.a(_exit.o)
 .ARM.attributes
                0x0000017a       0x39 _build/system_nrf52.o
 .ARM.attributes
                0x000001b3       0x39 _build/main.o
 .ARM.attributes
                0x000001ec       0x39 _build/flashwriting.o
 .ARM.attributes
                0x00000225       0x39 _build/nrf_delay.o
 .ARM.attributes
                0x0000025e       0x39 _build/nrf_drv_common.o
 .ARM.attributes
                0x00000297       0x39 _build/nrf_drv_spi.o
 .ARM.attributes
                0x000002d0       0x39 _build/nrf_drv_gpiote.o
 .ARM.attributes
                0x00000309       0x39 _build/nrf_esb.o
 .ARM.attributes
                0x00000342       0x39 _build/app_error.o
 .ARM.attributes
                0x0000037b       0x39 _build/app_error_weak.o
 .ARM.attributes
                0x000003b4       0x39 _build/SEGGER_RTT.o
 .ARM.attributes
                0x000003ed       0x39 _build/SEGGER_RTT_printf.o
 .ARM.attributes
                0x00000426       0x39 _build/bootloader.o
 .ARM.attributes
                0x0000045f       0x39 _build/bootloader_settings.o
 .ARM.attributes
                0x00000498       0x39 _build/bootloader_util.o
 .ARM.attributes
                0x000004d1       0x39 _build/crc16.o
 .ARM.attributes
                0x0000050a       0x39 _build/pstorage.o
 .ARM.attributes
                0x00000543       0x39 _build/softdevice_handler.o
 .ARM.attributes
                0x0000057c       0x1c _build/gcc_startup_nrf52.o
 .ARM.attributes
                0x00000598       0x34 c:/program files (x86)/gnu tools arm embedded/4.9 2015q3/bin/../lib/gcc/arm-none-eabi/4.9.3/../../../../arm-none-eabi/lib/armv7e-m/fpu\libc_nano.a(lib_a-memcpy.o)
 .ARM.attributes
                0x000005cc       0x34 c:/program files (x86)/gnu tools arm embedded/4.9 2015q3/bin/../lib/gcc/arm-none-eabi/4.9.3/armv7e-m/fpu/crtend.o
 .ARM.attributes
                0x00000600       0x22 c:/program files (x86)/gnu tools arm embedded/4.9 2015q3/bin/../lib/gcc/arm-none-eabi/4.9.3/armv7e-m/fpu/crtn.o

.comment        0x00000000       0x70
 .comment       0x00000000       0x70 _build/system_nrf52.o
                                 0x71 (size before relaxing)
 .comment       0x00000000       0x71 _build/main.o
 .comment       0x00000000       0x71 _build/flashwriting.o
 .comment       0x00000000       0x71 _build/nrf_delay.o
 .comment       0x00000000       0x71 _build/nrf_drv_common.o
 .comment       0x00000000       0x71 _build/nrf_drv_spi.o
 .comment       0x00000000       0x71 _build/nrf_drv_gpiote.o
 .comment       0x00000000       0x71 _build/nrf_esb.o
 .comment       0x00000000       0x71 _build/app_error.o
 .comment       0x00000000       0x71 _build/app_error_weak.o
 .comment       0x00000000       0x71 _build/SEGGER_RTT.o
 .comment       0x00000000       0x71 _build/SEGGER_RTT_printf.o
 .comment       0x00000000       0x71 _build/bootloader.o
 .comment       0x00000000       0x71 _build/bootloader_settings.o
 .comment       0x00000000       0x71 _build/bootloader_util.o
 .comment       0x00000000       0x71 _build/crc16.o
 .comment       0x00000000       0x71 _build/pstorage.o
 .comment       0x00000000       0x71 _build/softdevice_handler.o

.debug_frame    0x00000000     0x35bc
 .debug_frame   0x00000000       0x28 c:/program files (x86)/gnu tools arm embedded/4.9 2015q3/bin/../lib/gcc/arm-none-eabi/4.9.3/../../../../arm-none-eabi/lib/armv7e-m/fpu\libc_nano.a(lib_a-exit.o)
 .debug_frame   0x00000028       0x2c c:/program files (x86)/gnu tools arm embedded/4.9 2015q3/bin/../lib/gcc/arm-none-eabi/4.9.3/../../../../arm-none-eabi/lib/armv7e-m/fpu\libc_nano.a(lib_a-init.o)
 .debug_frame   0x00000054       0x20 c:/program files (x86)/gnu tools arm embedded/4.9 2015q3/bin/../lib/gcc/arm-none-eabi/4.9.3/../../../../arm-none-eabi/lib/armv7e-m/fpu\libc_nano.a(lib_a-memset.o)
 .debug_frame   0x00000074       0x20 c:/program files (x86)/gnu tools arm embedded/4.9 2015q3/bin/../lib/gcc/arm-none-eabi/4.9.3/../../../../arm-none-eabi/lib/armv7e-m/fpu\libnosys.a(_exit.o)
 .debug_frame   0x00000094       0xb8 _build/system_nrf52.o
 .debug_frame   0x0000014c      0x42c _build/main.o
 .debug_frame   0x00000578       0xac _build/flashwriting.o
 .debug_frame   0x00000624       0x28 _build/nrf_delay.o
 .debug_frame   0x0000064c      0x314 _build/nrf_drv_common.o
 .debug_frame   0x00000960      0x69c _build/nrf_drv_spi.o
 .debug_frame   0x00000ffc      0x8f8 _build/nrf_drv_gpiote.o
 .debug_frame   0x000018f4      0x4e8 _build/nrf_esb.o
 .debug_frame   0x00001ddc       0x60 _build/app_error.o
 .debug_frame   0x00001e3c       0x3c _build/app_error_weak.o
 .debug_frame   0x00001e78      0x16c _build/SEGGER_RTT.o
 .debug_frame   0x00001fe4       0xb8 _build/SEGGER_RTT_printf.o
 .debug_frame   0x0000209c      0x490 _build/bootloader.o
 .debug_frame   0x0000252c      0x318 _build/bootloader_settings.o
 .debug_frame   0x00002844       0x54 _build/bootloader_util.o
 .debug_frame   0x00002898       0x28 _build/crc16.o
 .debug_frame   0x000028c0      0x8b4 _build/pstorage.o
 .debug_frame   0x00003174      0x420 _build/softdevice_handler.o
 .debug_frame   0x00003594       0x28 c:/program files (x86)/gnu tools arm embedded/4.9 2015q3/bin/../lib/gcc/arm-none-eabi/4.9.3/../../../../arm-none-eabi/lib/armv7e-m/fpu\libc_nano.a(lib_a-memcpy.o)

.debug_info     0x00000000    0x118bc
 .debug_info    0x00000000      0xd80 _build/system_nrf52.o
 .debug_info    0x00000d80     0x281f _build/main.o
 .debug_info    0x0000359f      0x705 _build/flashwriting.o
 .debug_info    0x00003ca4      0x130 _build/nrf_delay.o
 .debug_info    0x00003dd4     0x10db _build/nrf_drv_common.o
 .debug_info    0x00004eaf     0x2255 _build/nrf_drv_spi.o
 .debug_info    0x00007104     0x21e2 _build/nrf_drv_gpiote.o
 .debug_info    0x000092e6     0x1afe _build/nrf_esb.o
 .debug_info    0x0000ade4      0x307 _build/app_error.o
 .debug_info    0x0000b0eb      0x312 _build/app_error_weak.o
 .debug_info    0x0000b3fd      0x528 _build/SEGGER_RTT.o
 .debug_info    0x0000b925      0x3f1 _build/SEGGER_RTT_printf.o
 .debug_info    0x0000bd16     0x1760 _build/bootloader.o
 .debug_info    0x0000d476      0xfe0 _build/bootloader_settings.o
 .debug_info    0x0000e456       0xd4 _build/bootloader_util.o
 .debug_info    0x0000e52a      0x13a _build/crc16.o
 .debug_info    0x0000e664     0x1df6 _build/pstorage.o
 .debug_info    0x0001045a     0x1462 _build/softdevice_handler.o

.debug_abbrev   0x00000000     0x2620
 .debug_abbrev  0x00000000      0x1d2 _build/system_nrf52.o
 .debug_abbrev  0x000001d2      0x3bb _build/main.o
 .debug_abbrev  0x0000058d      0x1c9 _build/flashwriting.o
 .debug_abbrev  0x00000756       0xd0 _build/nrf_delay.o
 .debug_abbrev  0x00000826      0x1e5 _build/nrf_drv_common.o
 .debug_abbrev  0x00000a0b      0x333 _build/nrf_drv_spi.o
 .debug_abbrev  0x00000d3e      0x364 _build/nrf_drv_gpiote.o
 .debug_abbrev  0x000010a2      0x3d7 _build/nrf_esb.o
 .debug_abbrev  0x00001479      0x11d _build/app_error.o
 .debug_abbrev  0x00001596      0x122 _build/app_error_weak.o
 .debug_abbrev  0x000016b8      0x1a7 _build/SEGGER_RTT.o
 .debug_abbrev  0x0000185f      0x187 _build/SEGGER_RTT_printf.o
 .debug_abbrev  0x000019e6      0x2f2 _build/bootloader.o
 .debug_abbrev  0x00001cd8      0x224 _build/bootloader_settings.o
 .debug_abbrev  0x00001efc       0x77 _build/bootloader_util.o
 .debug_abbrev  0x00001f73       0x8b _build/crc16.o
 .debug_abbrev  0x00001ffe      0x309 _build/pstorage.o
 .debug_abbrev  0x00002307      0x319 _build/softdevice_handler.o

.debug_aranges  0x00000000     0x1610
 .debug_aranges
                0x00000000       0x68 _build/system_nrf52.o
 .debug_aranges
                0x00000068      0x1f0 _build/main.o
 .debug_aranges
                0x00000258       0x48 _build/flashwriting.o
 .debug_aranges
                0x000002a0       0x20 _build/nrf_delay.o
 .debug_aranges
                0x000002c0      0x188 _build/nrf_drv_common.o
 .debug_aranges
                0x00000448      0x2a0 _build/nrf_drv_spi.o
 .debug_aranges
                0x000006e8      0x360 _build/nrf_drv_gpiote.o
 .debug_aranges
                0x00000a48      0x1b8 _build/nrf_esb.o
 .debug_aranges
                0x00000c00       0x30 _build/app_error.o
 .debug_aranges
                0x00000c30       0x28 _build/app_error_weak.o
 .debug_aranges
                0x00000c58       0x80 _build/SEGGER_RTT.o
 .debug_aranges
                0x00000cd8       0x40 _build/SEGGER_RTT_printf.o
 .debug_aranges
                0x00000d18      0x200 _build/bootloader.o
 .debug_aranges
                0x00000f18      0x198 _build/bootloader_settings.o
 .debug_aranges
                0x000010b0       0x28 _build/bootloader_util.o
 .debug_aranges
                0x000010d8       0x20 _build/crc16.o
 .debug_aranges
                0x000010f8      0x330 _build/pstorage.o
 .debug_aranges
                0x00001428      0x1e8 _build/softdevice_handler.o

.debug_ranges   0x00000000     0x14f0
 .debug_ranges  0x00000000       0x58 _build/system_nrf52.o
 .debug_ranges  0x00000058      0x1e0 _build/main.o
 .debug_ranges  0x00000238       0x38 _build/flashwriting.o
 .debug_ranges  0x00000270       0x10 _build/nrf_delay.o
 .debug_ranges  0x00000280      0x178 _build/nrf_drv_common.o
 .debug_ranges  0x000003f8      0x290 _build/nrf_drv_spi.o
 .debug_ranges  0x00000688      0x350 _build/nrf_drv_gpiote.o
 .debug_ranges  0x000009d8      0x1a8 _build/nrf_esb.o
 .debug_ranges  0x00000b80       0x20 _build/app_error.o
 .debug_ranges  0x00000ba0       0x18 _build/app_error_weak.o
 .debug_ranges  0x00000bb8       0x70 _build/SEGGER_RTT.o
 .debug_ranges  0x00000c28       0x30 _build/SEGGER_RTT_printf.o
 .debug_ranges  0x00000c58      0x1f0 _build/bootloader.o
 .debug_ranges  0x00000e48      0x188 _build/bootloader_settings.o
 .debug_ranges  0x00000fd0       0x18 _build/bootloader_util.o
 .debug_ranges  0x00000fe8       0x10 _build/crc16.o
 .debug_ranges  0x00000ff8      0x320 _build/pstorage.o
 .debug_ranges  0x00001318      0x1d8 _build/softdevice_handler.o

.debug_macro    0x00000000    0x18077
 .debug_macro   0x00000000       0xe6 _build/system_nrf52.o
 .debug_macro   0x000000e6      0x8fe _build/system_nrf52.o
 .debug_macro   0x000009e4       0x22 _build/system_nrf52.o
 .debug_macro   0x00000a06       0x44 _build/system_nrf52.o
 .debug_macro   0x00000a4a       0xe3 _build/system_nrf52.o
 .debug_macro   0x00000b2d       0x22 _build/system_nrf52.o
 .debug_macro   0x00000b4f      0x1df _build/system_nrf52.o
 .debug_macro   0x00000d2e       0x22 _build/system_nrf52.o
 .debug_macro   0x00000d50       0x1c _build/system_nrf52.o
 .debug_macro   0x00000d6c       0x2d _build/system_nrf52.o
 .debug_macro   0x00000d99       0x3b _build/system_nrf52.o
 .debug_macro   0x00000dd4       0x50 _build/system_nrf52.o
 .debug_macro   0x00000e24      0xe66 _build/system_nrf52.o
 .debug_macro   0x00001c8a      0x3a0 _build/system_nrf52.o
 .debug_macro   0x0000202a    0x10245 _build/system_nrf52.o
 .debug_macro   0x0001226f     0x12c7 _build/system_nrf52.o
 .debug_macro   0x00013536       0x7c _build/system_nrf52.o
 .debug_macro   0x000135b2       0x1c _build/system_nrf52.o
 .debug_macro   0x000135ce      0x51a _build/main.o
 .debug_macro   0x00013ae8       0x58 _build/main.o
 .debug_macro   0x00013b40       0x35 _build/main.o
 .debug_macro   0x00013b75       0x9c _build/main.o
 .debug_macro   0x00013c11      0x166 _build/main.o
 .debug_macro   0x00013d77       0x52 _build/main.o
 .debug_macro   0x00013dc9       0x16 _build/main.o
 .debug_macro   0x00013ddf       0x43 _build/main.o
 .debug_macro   0x00013e22      0x180 _build/main.o
 .debug_macro   0x00013fa2      0x29d _build/main.o
 .debug_macro   0x0001423f       0x10 _build/main.o
 .debug_macro   0x0001424f       0x35 _build/main.o
 .debug_macro   0x00014284      0x11e _build/main.o
 .debug_macro   0x000143a2       0x28 _build/main.o
 .debug_macro   0x000143ca       0x22 _build/main.o
 .debug_macro   0x000143ec       0x9a _build/main.o
 .debug_macro   0x00014486       0x70 _build/main.o
 .debug_macro   0x000144f6       0x67 _build/main.o
 .debug_macro   0x0001455d       0x37 _build/main.o
 .debug_macro   0x00014594       0xcb _build/main.o
 .debug_macro   0x0001465f       0x16 _build/main.o
 .debug_macro   0x00014675       0x11 _build/main.o
 .debug_macro   0x00014686       0x10 _build/main.o
 .debug_macro   0x00014696      0x175 _build/main.o
 .debug_macro   0x0001480b       0x2e _build/main.o
 .debug_macro   0x00014839       0x80 _build/main.o
 .debug_macro   0x000148b9       0x1c _build/main.o
 .debug_macro   0x000148d5       0x10 _build/main.o
 .debug_macro   0x000148e5       0x10 _build/main.o
 .debug_macro   0x000148f5       0x22 _build/main.o
 .debug_macro   0x00014917       0xbe _build/main.o
 .debug_macro   0x000149d5       0x16 _build/main.o
 .debug_macro   0x000149eb      0x197 _build/main.o
 .debug_macro   0x00014b82       0x52 _build/main.o
 .debug_macro   0x00014bd4       0xbb _build/main.o
 .debug_macro   0x00014c8f       0x2b _build/main.o
 .debug_macro   0x00014cba       0x16 _build/main.o
 .debug_macro   0x00014cd0       0x40 _build/main.o
 .debug_macro   0x00014d10       0x64 _build/main.o
 .debug_macro   0x00014d74       0x2e _build/main.o
 .debug_macro   0x00014da2       0x60 _build/main.o
 .debug_macro   0x00014e02       0x52 _build/main.o
 .debug_macro   0x00014e54       0x22 _build/main.o
 .debug_macro   0x00014e76       0x2b _build/main.o
 .debug_macro   0x00014ea1      0x118 _build/main.o
 .debug_macro   0x00014fb9      0x10f _build/main.o
 .debug_macro   0x000150c8       0xe8 _build/main.o
 .debug_macro   0x000151b0       0x16 _build/main.o
 .debug_macro   0x000151c6       0x1c _build/main.o
 .debug_macro   0x000151e2       0x8e _build/main.o
 .debug_macro   0x00015270       0x16 _build/main.o
 .debug_macro   0x00015286       0xa6 _build/main.o
 .debug_macro   0x0001532c       0x1c _build/main.o
 .debug_macro   0x00015348       0x47 _build/main.o
 .debug_macro   0x0001538f       0x10 _build/main.o
 .debug_macro   0x0001539f       0x4c _build/main.o
 .debug_macro   0x000153eb       0x16 _build/main.o
 .debug_macro   0x00015401       0x16 _build/main.o
 .debug_macro   0x00015417       0x29 _build/main.o
 .debug_macro   0x00015440       0x16 _build/main.o
 .debug_macro   0x00015456       0x10 _build/main.o
 .debug_macro   0x00015466      0x401 _build/main.o
 .debug_macro   0x00015867       0x22 _build/main.o
 .debug_macro   0x00015889       0x46 _build/main.o
 .debug_macro   0x000158cf       0x22 _build/main.o
 .debug_macro   0x000158f1      0x113 _build/flashwriting.o
 .debug_macro   0x00015a04      0x1c2 _build/nrf_delay.o
 .debug_macro   0x00015bc6       0x16 _build/nrf_delay.o
 .debug_macro   0x00015bdc       0x4a _build/nrf_delay.o
 .debug_macro   0x00015c26       0x97 _build/nrf_delay.o
 .debug_macro   0x00015cbd       0xef _build/nrf_delay.o
 .debug_macro   0x00015dac       0x35 _build/nrf_delay.o
 .debug_macro   0x00015de1      0x2a5 _build/nrf_drv_common.o
 .debug_macro   0x00016086      0x30a _build/nrf_drv_spi.o
 .debug_macro   0x00016390       0x10 _build/nrf_drv_spi.o
 .debug_macro   0x000163a0      0x2f5 _build/nrf_drv_gpiote.o
 .debug_macro   0x00016695       0x6d _build/nrf_drv_gpiote.o
 .debug_macro   0x00016702      0x289 _build/nrf_esb.o
 .debug_macro   0x0001698b       0x76 _build/nrf_esb.o
 .debug_macro   0x00016a01       0x16 _build/nrf_esb.o
 .debug_macro   0x00016a17       0x58 _build/nrf_esb.o
 .debug_macro   0x00016a6f      0x228 _build/app_error.o
 .debug_macro   0x00016c97      0x222 _build/app_error_weak.o
 .debug_macro   0x00016eb9       0xef _build/SEGGER_RTT.o
 .debug_macro   0x00016fa8       0x34 _build/SEGGER_RTT.o
 .debug_macro   0x00016fdc      0x115 _build/SEGGER_RTT_printf.o
 .debug_macro   0x000170f1      0x10e _build/SEGGER_RTT_printf.o
 .debug_macro   0x000171ff       0x7f _build/SEGGER_RTT_printf.o
 .debug_macro   0x0001727e      0x33a _build/bootloader.o
 .debug_macro   0x000175b8       0x1c _build/bootloader.o
 .debug_macro   0x000175d4       0x16 _build/bootloader.o
 .debug_macro   0x000175ea      0x16c _build/bootloader_settings.o
 .debug_macro   0x00017756      0x10f _build/bootloader_util.o
 .debug_macro   0x00017865      0x11d _build/crc16.o
 .debug_macro   0x00017982      0x32e _build/pstorage.o
 .debug_macro   0x00017cb0       0x40 _build/pstorage.o
 .debug_macro   0x00017cf0      0x377 _build/softdevice_handler.o
 .debug_macro   0x00018067       0x10 _build/softdevice_handler.o

.debug_line     0x00000000     0xb35c
 .debug_line    0x00000000      0x55d _build/system_nrf52.o
 .debug_line    0x0000055d     0x1782 _build/main.o
 .debug_line    0x00001cdf      0x5d3 _build/flashwriting.o
 .debug_line    0x000022b2      0x4ed _build/nrf_delay.o
 .debug_line    0x0000279f      0xac5 _build/nrf_drv_common.o
 .debug_line    0x00003264      0xf41 _build/nrf_drv_spi.o
 .debug_line    0x000041a5     0x11f2 _build/nrf_drv_gpiote.o
 .debug_line    0x00005397      0xe0a _build/nrf_esb.o
 .debug_line    0x000061a1      0x5fb _build/app_error.o
 .debug_line    0x0000679c      0x5ea _build/app_error_weak.o
 .debug_line    0x00006d86      0x43f _build/SEGGER_RTT.o
 .debug_line    0x000071c5      0x43b _build/SEGGER_RTT_printf.o
 .debug_line    0x00007600      0xf19 _build/bootloader.o
 .debug_line    0x00008519      0x94b _build/bootloader_settings.o
 .debug_line    0x00008e64      0x31e _build/bootloader_util.o
 .debug_line    0x00009182      0x321 _build/crc16.o
 .debug_line    0x000094a3     0x11fc _build/pstorage.o
 .debug_line    0x0000a69f      0xcbd _build/softdevice_handler.o

.debug_str      0x00000000    0x7eff1
 .debug_str     0x00000000    0x6bc9e _build/system_nrf52.o
                              0x6c702 (size before relaxing)
 .debug_str     0x0006bc9e     0xe822 _build/main.o
                              0x7b099 (size before relaxing)
 .debug_str     0x0007a4c0       0xeb _build/flashwriting.o
                              0x6cd1c (size before relaxing)
 .debug_str     0x0007a5ab       0x84 _build/nrf_delay.o
                              0x6f38f (size before relaxing)
 .debug_str     0x0007a62f      0x128 _build/nrf_drv_common.o
                              0x7298e (size before relaxing)
 .debug_str     0x0007a757      0xc57 _build/nrf_drv_spi.o
                              0x73fa0 (size before relaxing)
 .debug_str     0x0007b3ae      0xd2a _build/nrf_drv_gpiote.o
                              0x73f84 (size before relaxing)
 .debug_str     0x0007c0d8      0xda5 _build/nrf_esb.o
                              0x71d00 (size before relaxing)
 .debug_str     0x0007ce7d      0x134 _build/app_error.o
                              0x70b93 (size before relaxing)
 .debug_str     0x0007cfb1       0x84 _build/app_error_weak.o
                              0x70b25 (size before relaxing)
 .debug_str     0x0007d035      0x376 _build/SEGGER_RTT.o
                               0x5556 (size before relaxing)
 .debug_str     0x0007d3ab      0x1c9 _build/SEGGER_RTT_printf.o
                               0x571f (size before relaxing)
 .debug_str     0x0007d574      0x43c _build/bootloader.o
                              0x7382b (size before relaxing)
 .debug_str     0x0007d9b0      0x110 _build/bootloader_settings.o
                              0x6eb6e (size before relaxing)
 .debug_str     0x0007dac0       0xa7 _build/bootloader_util.o
                               0x584c (size before relaxing)
 .debug_str     0x0007db67       0x72 _build/crc16.o
                               0x58bb (size before relaxing)
 .debug_str     0x0007dbd9     0x1014 _build/pstorage.o
                              0x73248 (size before relaxing)
 .debug_str     0x0007ebed      0x404 _build/softdevice_handler.o
                              0x76782 (size before relaxing)
