Archive member included because of file (symbol)

c:/program files (x86)/gnu tools arm embedded/4.9 2015q3/bin/../lib/gcc/arm-none-eabi/4.9.3/../../../../arm-none-eabi/lib/armv7e-m/fpu\libc_nano.a(lib_a-exit.o)
                              c:/program files (x86)/gnu tools arm embedded/4.9 2015q3/bin/../lib/gcc/arm-none-eabi/4.9.3/../../../../arm-none-eabi/lib/armv7e-m/fpu/crt0.o (exit)
c:/program files (x86)/gnu tools arm embedded/4.9 2015q3/bin/../lib/gcc/arm-none-eabi/4.9.3/../../../../arm-none-eabi/lib/armv7e-m/fpu\libc_nano.a(lib_a-impure.o)
                              c:/program files (x86)/gnu tools arm embedded/4.9 2015q3/bin/../lib/gcc/arm-none-eabi/4.9.3/../../../../arm-none-eabi/lib/armv7e-m/fpu\libc_nano.a(lib_a-exit.o) (_global_impure_ptr)
c:/program files (x86)/gnu tools arm embedded/4.9 2015q3/bin/../lib/gcc/arm-none-eabi/4.9.3/../../../../arm-none-eabi/lib/armv7e-m/fpu\libc_nano.a(lib_a-init.o)
                              c:/program files (x86)/gnu tools arm embedded/4.9 2015q3/bin/../lib/gcc/arm-none-eabi/4.9.3/../../../../arm-none-eabi/lib/armv7e-m/fpu/crt0.o (__libc_init_array)
c:/program files (x86)/gnu tools arm embedded/4.9 2015q3/bin/../lib/gcc/arm-none-eabi/4.9.3/../../../../arm-none-eabi/lib/armv7e-m/fpu\libc_nano.a(lib_a-memset.o)
                              c:/program files (x86)/gnu tools arm embedded/4.9 2015q3/bin/../lib/gcc/arm-none-eabi/4.9.3/../../../../arm-none-eabi/lib/armv7e-m/fpu/crt0.o (memset)
c:/program files (x86)/gnu tools arm embedded/4.9 2015q3/bin/../lib/gcc/arm-none-eabi/4.9.3/../../../../arm-none-eabi/lib/armv7e-m/fpu\libnosys.a(_exit.o)
                              c:/program files (x86)/gnu tools arm embedded/4.9 2015q3/bin/../lib/gcc/arm-none-eabi/4.9.3/../../../../arm-none-eabi/lib/armv7e-m/fpu\libc_nano.a(lib_a-exit.o) (_exit)
c:/program files (x86)/gnu tools arm embedded/4.9 2015q3/bin/../lib/gcc/arm-none-eabi/4.9.3/../../../../arm-none-eabi/lib/armv7e-m/fpu\libc_nano.a(lib_a-memcpy.o)
                              _build/SEGGER_RTT.o (memcpy)
c:/program files (x86)/gnu tools arm embedded/4.9 2015q3/bin/../lib/gcc/arm-none-eabi/4.9.3/../../../../arm-none-eabi/lib/armv7e-m/fpu\libc_nano.a(lib_a-strcpy.o)
                              _build/SEGGER_RTT.o (strcpy)
c:/program files (x86)/gnu tools arm embedded/4.9 2015q3/bin/../lib/gcc/arm-none-eabi/4.9.3/../../../../arm-none-eabi/lib/armv7e-m/fpu\libc_nano.a(lib_a-strlen.o)
                              _build/SEGGER_RTT.o (strlen)

Allocating common symbols
Common symbol       size              file

rx_payload          0x25              _build/main.o
_SEGGER_RTT         0x78              _build/SEGGER_RTT.o
led_nr              0x1               _build/main.o

Discarded input sections

 .text          0x00000000        0x0 c:/program files (x86)/gnu tools arm embedded/4.9 2015q3/bin/../lib/gcc/arm-none-eabi/4.9.3/armv7e-m/fpu/crti.o
 .data          0x00000000        0x0 c:/program files (x86)/gnu tools arm embedded/4.9 2015q3/bin/../lib/gcc/arm-none-eabi/4.9.3/armv7e-m/fpu/crti.o
 .bss           0x00000000        0x0 c:/program files (x86)/gnu tools arm embedded/4.9 2015q3/bin/../lib/gcc/arm-none-eabi/4.9.3/armv7e-m/fpu/crti.o
 .data          0x00000000        0x4 c:/program files (x86)/gnu tools arm embedded/4.9 2015q3/bin/../lib/gcc/arm-none-eabi/4.9.3/armv7e-m/fpu/crtbegin.o
 .data          0x00000000        0x0 c:/program files (x86)/gnu tools arm embedded/4.9 2015q3/bin/../lib/gcc/arm-none-eabi/4.9.3/../../../../arm-none-eabi/lib/armv7e-m/fpu/crt0.o
 .bss           0x00000000        0x0 c:/program files (x86)/gnu tools arm embedded/4.9 2015q3/bin/../lib/gcc/arm-none-eabi/4.9.3/../../../../arm-none-eabi/lib/armv7e-m/fpu/crt0.o
 .ARM.extab     0x00000000        0x0 c:/program files (x86)/gnu tools arm embedded/4.9 2015q3/bin/../lib/gcc/arm-none-eabi/4.9.3/../../../../arm-none-eabi/lib/armv7e-m/fpu/crt0.o
 .text          0x00000000        0x0 c:/program files (x86)/gnu tools arm embedded/4.9 2015q3/bin/../lib/gcc/arm-none-eabi/4.9.3/../../../../arm-none-eabi/lib/armv7e-m/fpu\libc_nano.a(lib_a-exit.o)
 .data          0x00000000        0x0 c:/program files (x86)/gnu tools arm embedded/4.9 2015q3/bin/../lib/gcc/arm-none-eabi/4.9.3/../../../../arm-none-eabi/lib/armv7e-m/fpu\libc_nano.a(lib_a-exit.o)
 .bss           0x00000000        0x0 c:/program files (x86)/gnu tools arm embedded/4.9 2015q3/bin/../lib/gcc/arm-none-eabi/4.9.3/../../../../arm-none-eabi/lib/armv7e-m/fpu\libc_nano.a(lib_a-exit.o)
 .text          0x00000000        0x0 c:/program files (x86)/gnu tools arm embedded/4.9 2015q3/bin/../lib/gcc/arm-none-eabi/4.9.3/../../../../arm-none-eabi/lib/armv7e-m/fpu\libc_nano.a(lib_a-impure.o)
 .data          0x00000000        0x0 c:/program files (x86)/gnu tools arm embedded/4.9 2015q3/bin/../lib/gcc/arm-none-eabi/4.9.3/../../../../arm-none-eabi/lib/armv7e-m/fpu\libc_nano.a(lib_a-impure.o)
 .bss           0x00000000        0x0 c:/program files (x86)/gnu tools arm embedded/4.9 2015q3/bin/../lib/gcc/arm-none-eabi/4.9.3/../../../../arm-none-eabi/lib/armv7e-m/fpu\libc_nano.a(lib_a-impure.o)
 .data._impure_ptr
                0x00000000        0x4 c:/program files (x86)/gnu tools arm embedded/4.9 2015q3/bin/../lib/gcc/arm-none-eabi/4.9.3/../../../../arm-none-eabi/lib/armv7e-m/fpu\libc_nano.a(lib_a-impure.o)
 .text          0x00000000        0x0 c:/program files (x86)/gnu tools arm embedded/4.9 2015q3/bin/../lib/gcc/arm-none-eabi/4.9.3/../../../../arm-none-eabi/lib/armv7e-m/fpu\libc_nano.a(lib_a-init.o)
 .data          0x00000000        0x0 c:/program files (x86)/gnu tools arm embedded/4.9 2015q3/bin/../lib/gcc/arm-none-eabi/4.9.3/../../../../arm-none-eabi/lib/armv7e-m/fpu\libc_nano.a(lib_a-init.o)
 .bss           0x00000000        0x0 c:/program files (x86)/gnu tools arm embedded/4.9 2015q3/bin/../lib/gcc/arm-none-eabi/4.9.3/../../../../arm-none-eabi/lib/armv7e-m/fpu\libc_nano.a(lib_a-init.o)
 .text          0x00000000        0x0 c:/program files (x86)/gnu tools arm embedded/4.9 2015q3/bin/../lib/gcc/arm-none-eabi/4.9.3/../../../../arm-none-eabi/lib/armv7e-m/fpu\libc_nano.a(lib_a-memset.o)
 .data          0x00000000        0x0 c:/program files (x86)/gnu tools arm embedded/4.9 2015q3/bin/../lib/gcc/arm-none-eabi/4.9.3/../../../../arm-none-eabi/lib/armv7e-m/fpu\libc_nano.a(lib_a-memset.o)
 .bss           0x00000000        0x0 c:/program files (x86)/gnu tools arm embedded/4.9 2015q3/bin/../lib/gcc/arm-none-eabi/4.9.3/../../../../arm-none-eabi/lib/armv7e-m/fpu\libc_nano.a(lib_a-memset.o)
 .text          0x00000000        0x0 c:/program files (x86)/gnu tools arm embedded/4.9 2015q3/bin/../lib/gcc/arm-none-eabi/4.9.3/../../../../arm-none-eabi/lib/armv7e-m/fpu\libnosys.a(_exit.o)
 .data          0x00000000        0x0 c:/program files (x86)/gnu tools arm embedded/4.9 2015q3/bin/../lib/gcc/arm-none-eabi/4.9.3/../../../../arm-none-eabi/lib/armv7e-m/fpu\libnosys.a(_exit.o)
 .bss           0x00000000        0x0 c:/program files (x86)/gnu tools arm embedded/4.9 2015q3/bin/../lib/gcc/arm-none-eabi/4.9.3/../../../../arm-none-eabi/lib/armv7e-m/fpu\libnosys.a(_exit.o)
 .group         0x00000000        0x8 _build/app_error.o
 .group         0x00000000        0x8 _build/app_error.o
 .group         0x00000000        0x8 _build/app_error.o
 .group         0x00000000        0x8 _build/app_error.o
 .group         0x00000000        0x8 _build/app_error.o
 .group         0x00000000        0x8 _build/app_error.o
 .group         0x00000000        0x8 _build/app_error.o
 .group         0x00000000        0x8 _build/app_error.o
 .group         0x00000000        0x8 _build/app_error.o
 .group         0x00000000        0x8 _build/app_error.o
 .group         0x00000000        0x8 _build/app_error.o
 .group         0x00000000        0x8 _build/app_error.o
 .group         0x00000000        0x8 _build/app_error.o
 .group         0x00000000        0x8 _build/app_error.o
 .group         0x00000000        0x8 _build/app_error.o
 .group         0x00000000        0x8 _build/app_error.o
 .group         0x00000000        0x8 _build/app_error.o
 .group         0x00000000        0x8 _build/app_error.o
 .group         0x00000000        0x8 _build/app_error.o
 .group         0x00000000        0x8 _build/app_error.o
 .group         0x00000000        0x8 _build/app_error.o
 .group         0x00000000        0x8 _build/app_error.o
 .group         0x00000000        0x8 _build/app_error.o
 .group         0x00000000        0x8 _build/app_error.o
 .group         0x00000000        0x8 _build/app_error.o
 .group         0x00000000        0x8 _build/app_error.o
 .group         0x00000000        0x8 _build/app_error.o
 .group         0x00000000        0x8 _build/app_error.o
 .group         0x00000000        0x8 _build/app_error.o
 .group         0x00000000        0x8 _build/app_error.o
 .group         0x00000000        0x8 _build/app_error.o
 .group         0x00000000        0x8 _build/app_error.o
 .group         0x00000000        0x8 _build/app_error.o
 .group         0x00000000        0x8 _build/app_error.o
 .group         0x00000000        0x8 _build/app_error.o
 .group         0x00000000        0x8 _build/app_error.o
 .group         0x00000000        0x8 _build/app_error.o
 .group         0x00000000        0x8 _build/app_error.o
 .group         0x00000000        0x8 _build/app_error.o
 .group         0x00000000        0x8 _build/app_error.o
 .group         0x00000000        0x8 _build/app_error.o
 .text          0x00000000        0x0 _build/app_error.o
 .data          0x00000000        0x0 _build/app_error.o
 .bss           0x00000000        0x0 _build/app_error.o
 .text.app_error_handler
                0x00000000       0x20 _build/app_error.o
 .text.app_error_handler_bare
                0x00000000       0x20 _build/app_error.o
 .text.app_error_save_and_stop
                0x00000000       0x64 _build/app_error.o
 .bss.m_error_data.6810
                0x00000000       0x20 _build/app_error.o
 .debug_info    0x00000000      0x35b _build/app_error.o
 .debug_abbrev  0x00000000      0x141 _build/app_error.o
 .debug_loc     0x00000000      0x145 _build/app_error.o
 .debug_aranges
                0x00000000       0x30 _build/app_error.o
 .debug_ranges  0x00000000       0x20 _build/app_error.o
 .debug_macro   0x00000000      0x228 _build/app_error.o
 .debug_macro   0x00000000      0x8f2 _build/app_error.o
 .debug_macro   0x00000000       0x1c _build/app_error.o
 .debug_macro   0x00000000       0x2d _build/app_error.o
 .debug_macro   0x00000000       0x22 _build/app_error.o
 .debug_macro   0x00000000       0x44 _build/app_error.o
 .debug_macro   0x00000000       0xe3 _build/app_error.o
 .debug_macro   0x00000000       0x22 _build/app_error.o
 .debug_macro   0x00000000      0x1df _build/app_error.o
 .debug_macro   0x00000000       0x35 _build/app_error.o
 .debug_macro   0x00000000       0x50 _build/app_error.o
 .debug_macro   0x00000000      0xe66 _build/app_error.o
 .debug_macro   0x00000000      0x3a0 _build/app_error.o
 .debug_macro   0x00000000    0x10245 _build/app_error.o
 .debug_macro   0x00000000     0x12c7 _build/app_error.o
 .debug_macro   0x00000000       0x7c _build/app_error.o
 .debug_macro   0x00000000       0x1c _build/app_error.o
 .debug_macro   0x00000000       0x58 _build/app_error.o
 .debug_macro   0x00000000       0x35 _build/app_error.o
 .debug_macro   0x00000000       0x9c _build/app_error.o
 .debug_macro   0x00000000       0x16 _build/app_error.o
 .debug_macro   0x00000000       0x97 _build/app_error.o
 .debug_macro   0x00000000      0x29d _build/app_error.o
 .debug_macro   0x00000000       0xef _build/app_error.o
 .debug_macro   0x00000000       0x10 _build/app_error.o
 .debug_macro   0x00000000       0x52 _build/app_error.o
 .debug_macro   0x00000000       0x16 _build/app_error.o
 .debug_macro   0x00000000       0x43 _build/app_error.o
 .debug_macro   0x00000000      0x180 _build/app_error.o
 .debug_macro   0x00000000       0x10 _build/app_error.o
 .debug_macro   0x00000000       0x22 _build/app_error.o
 .debug_macro   0x00000000       0xbe _build/app_error.o
 .debug_macro   0x00000000       0x16 _build/app_error.o
 .debug_macro   0x00000000      0x197 _build/app_error.o
 .debug_macro   0x00000000       0x22 _build/app_error.o
 .debug_macro   0x00000000       0x8e _build/app_error.o
 .debug_macro   0x00000000       0x70 _build/app_error.o
 .debug_macro   0x00000000      0x11e _build/app_error.o
 .debug_macro   0x00000000       0x52 _build/app_error.o
 .debug_macro   0x00000000       0x67 _build/app_error.o
 .debug_macro   0x00000000       0xff _build/app_error.o
 .debug_macro   0x00000000       0x2b _build/app_error.o
 .debug_line    0x00000000      0x5b1 _build/app_error.o
 .debug_str     0x00000000    0x70ebb _build/app_error.o
 .comment       0x00000000       0x71 _build/app_error.o
 .debug_frame   0x00000000       0x70 _build/app_error.o
 .ARM.attributes
                0x00000000       0x39 _build/app_error.o
 .group         0x00000000        0x8 _build/app_error_weak.o
 .group         0x00000000        0x8 _build/app_error_weak.o
 .group         0x00000000        0x8 _build/app_error_weak.o
 .group         0x00000000        0x8 _build/app_error_weak.o
 .group         0x00000000        0x8 _build/app_error_weak.o
 .group         0x00000000        0x8 _build/app_error_weak.o
 .group         0x00000000        0x8 _build/app_error_weak.o
 .group         0x00000000        0x8 _build/app_error_weak.o
 .group         0x00000000        0x8 _build/app_error_weak.o
 .group         0x00000000        0x8 _build/app_error_weak.o
 .group         0x00000000        0x8 _build/app_error_weak.o
 .group         0x00000000        0x8 _build/app_error_weak.o
 .group         0x00000000        0x8 _build/app_error_weak.o
 .group         0x00000000        0x8 _build/app_error_weak.o
 .group         0x00000000        0x8 _build/app_error_weak.o
 .group         0x00000000        0x8 _build/app_error_weak.o
 .group         0x00000000        0x8 _build/app_error_weak.o
 .group         0x00000000        0x8 _build/app_error_weak.o
 .group         0x00000000        0x8 _build/app_error_weak.o
 .group         0x00000000        0x8 _build/app_error_weak.o
 .group         0x00000000        0x8 _build/app_error_weak.o
 .group         0x00000000        0x8 _build/app_error_weak.o
 .group         0x00000000        0x8 _build/app_error_weak.o
 .group         0x00000000        0x8 _build/app_error_weak.o
 .group         0x00000000        0x8 _build/app_error_weak.o
 .group         0x00000000        0x8 _build/app_error_weak.o
 .group         0x00000000        0x8 _build/app_error_weak.o
 .group         0x00000000        0x8 _build/app_error_weak.o
 .group         0x00000000        0x8 _build/app_error_weak.o
 .group         0x00000000        0x8 _build/app_error_weak.o
 .group         0x00000000        0x8 _build/app_error_weak.o
 .group         0x00000000        0x8 _build/app_error_weak.o
 .group         0x00000000        0x8 _build/app_error_weak.o
 .group         0x00000000        0x8 _build/app_error_weak.o
 .group         0x00000000        0x8 _build/app_error_weak.o
 .group         0x00000000        0x8 _build/app_error_weak.o
 .group         0x00000000        0x8 _build/app_error_weak.o
 .group         0x00000000        0x8 _build/app_error_weak.o
 .group         0x00000000        0x8 _build/app_error_weak.o
 .group         0x00000000        0x8 _build/app_error_weak.o
 .group         0x00000000        0x8 _build/app_error_weak.o
 .text          0x00000000        0x0 _build/app_error_weak.o
 .data          0x00000000        0x0 _build/app_error_weak.o
 .bss           0x00000000        0x0 _build/app_error_weak.o
 .text.app_error_fault_handler
                0x00000000       0x24 _build/app_error_weak.o
 .debug_info    0x00000000      0x315 _build/app_error_weak.o
 .debug_abbrev  0x00000000      0x128 _build/app_error_weak.o
 .debug_loc     0x00000000       0x42 _build/app_error_weak.o
 .debug_aranges
                0x00000000       0x20 _build/app_error_weak.o
 .debug_ranges  0x00000000       0x10 _build/app_error_weak.o
 .debug_macro   0x00000000      0x222 _build/app_error_weak.o
 .debug_macro   0x00000000      0x8f2 _build/app_error_weak.o
 .debug_macro   0x00000000       0x22 _build/app_error_weak.o
 .debug_macro   0x00000000       0x44 _build/app_error_weak.o
 .debug_macro   0x00000000       0xe3 _build/app_error_weak.o
 .debug_macro   0x00000000       0x22 _build/app_error_weak.o
 .debug_macro   0x00000000      0x1df _build/app_error_weak.o
 .debug_macro   0x00000000       0x58 _build/app_error_weak.o
 .debug_macro   0x00000000       0x35 _build/app_error_weak.o
 .debug_macro   0x00000000       0x9c _build/app_error_weak.o
 .debug_macro   0x00000000       0x16 _build/app_error_weak.o
 .debug_macro   0x00000000       0x97 _build/app_error_weak.o
 .debug_macro   0x00000000      0x29d _build/app_error_weak.o
 .debug_macro   0x00000000       0xef _build/app_error_weak.o
 .debug_macro   0x00000000       0x10 _build/app_error_weak.o
 .debug_macro   0x00000000       0x52 _build/app_error_weak.o
 .debug_macro   0x00000000       0x16 _build/app_error_weak.o
 .debug_macro   0x00000000       0x43 _build/app_error_weak.o
 .debug_macro   0x00000000      0x180 _build/app_error_weak.o
 .debug_macro   0x00000000       0x10 _build/app_error_weak.o
 .debug_macro   0x00000000       0x22 _build/app_error_weak.o
 .debug_macro   0x00000000       0xbe _build/app_error_weak.o
 .debug_macro   0x00000000       0x16 _build/app_error_weak.o
 .debug_macro   0x00000000      0x197 _build/app_error_weak.o
 .debug_macro   0x00000000       0x22 _build/app_error_weak.o
 .debug_macro   0x00000000       0x1c _build/app_error_weak.o
 .debug_macro   0x00000000       0x2d _build/app_error_weak.o
 .debug_macro   0x00000000       0x3b _build/app_error_weak.o
 .debug_macro   0x00000000       0x50 _build/app_error_weak.o
 .debug_macro   0x00000000      0xe66 _build/app_error_weak.o
 .debug_macro   0x00000000      0x3a0 _build/app_error_weak.o
 .debug_macro   0x00000000    0x10245 _build/app_error_weak.o
 .debug_macro   0x00000000     0x12c7 _build/app_error_weak.o
 .debug_macro   0x00000000       0x7c _build/app_error_weak.o
 .debug_macro   0x00000000       0x1c _build/app_error_weak.o
 .debug_macro   0x00000000       0x8e _build/app_error_weak.o
 .debug_macro   0x00000000       0x70 _build/app_error_weak.o
 .debug_macro   0x00000000      0x11e _build/app_error_weak.o
 .debug_macro   0x00000000       0x52 _build/app_error_weak.o
 .debug_macro   0x00000000       0x67 _build/app_error_weak.o
 .debug_macro   0x00000000       0xff _build/app_error_weak.o
 .debug_macro   0x00000000       0x2b _build/app_error_weak.o
 .debug_line    0x00000000      0x578 _build/app_error_weak.o
 .debug_str     0x00000000    0x70e35 _build/app_error_weak.o
 .comment       0x00000000       0x71 _build/app_error_weak.o
 .debug_frame   0x00000000       0x20 _build/app_error_weak.o
 .ARM.attributes
                0x00000000       0x39 _build/app_error_weak.o
 .group         0x00000000        0x8 _build/app_util_platform.o
 .group         0x00000000        0x8 _build/app_util_platform.o
 .group         0x00000000        0x8 _build/app_util_platform.o
 .group         0x00000000        0x8 _build/app_util_platform.o
 .group         0x00000000        0x8 _build/app_util_platform.o
 .group         0x00000000        0x8 _build/app_util_platform.o
 .group         0x00000000        0x8 _build/app_util_platform.o
 .group         0x00000000        0x8 _build/app_util_platform.o
 .group         0x00000000        0x8 _build/app_util_platform.o
 .group         0x00000000        0x8 _build/app_util_platform.o
 .group         0x00000000        0x8 _build/app_util_platform.o
 .group         0x00000000        0x8 _build/app_util_platform.o
 .group         0x00000000        0x8 _build/app_util_platform.o
 .group         0x00000000        0x8 _build/app_util_platform.o
 .group         0x00000000        0x8 _build/app_util_platform.o
 .group         0x00000000        0x8 _build/app_util_platform.o
 .group         0x00000000        0x8 _build/app_util_platform.o
 .group         0x00000000        0x8 _build/app_util_platform.o
 .group         0x00000000        0x8 _build/app_util_platform.o
 .group         0x00000000        0x8 _build/app_util_platform.o
 .group         0x00000000        0x8 _build/app_util_platform.o
 .group         0x00000000        0x8 _build/app_util_platform.o
 .group         0x00000000        0x8 _build/app_util_platform.o
 .group         0x00000000        0x8 _build/app_util_platform.o
 .group         0x00000000        0x8 _build/app_util_platform.o
 .group         0x00000000        0x8 _build/app_util_platform.o
 .group         0x00000000        0x8 _build/app_util_platform.o
 .group         0x00000000        0x8 _build/app_util_platform.o
 .group         0x00000000        0x8 _build/app_util_platform.o
 .group         0x00000000        0x8 _build/app_util_platform.o
 .group         0x00000000        0x8 _build/app_util_platform.o
 .group         0x00000000        0x8 _build/app_util_platform.o
 .group         0x00000000        0x8 _build/app_util_platform.o
 .group         0x00000000        0x8 _build/app_util_platform.o
 .group         0x00000000        0x8 _build/app_util_platform.o
 .group         0x00000000        0x8 _build/app_util_platform.o
 .group         0x00000000        0x8 _build/app_util_platform.o
 .group         0x00000000        0x8 _build/app_util_platform.o
 .group         0x00000000        0x8 _build/app_util_platform.o
 .group         0x00000000        0x8 _build/app_util_platform.o
 .group         0x00000000        0x8 _build/app_util_platform.o
 .group         0x00000000        0x8 _build/app_util_platform.o
 .text          0x00000000        0x0 _build/app_util_platform.o
 .data          0x00000000        0x0 _build/app_util_platform.o
 .bss           0x00000000        0x0 _build/app_util_platform.o
 .text.app_util_disable_irq
                0x00000000       0x10 _build/app_util_platform.o
 .text.app_util_enable_irq
                0x00000000       0x14 _build/app_util_platform.o
 .text.app_util_critical_region_enter
                0x00000000       0x10 _build/app_util_platform.o
 .text.app_util_critical_region_exit
                0x00000000       0x14 _build/app_util_platform.o
 .bss.m_in_critical_region
                0x00000000        0x4 _build/app_util_platform.o
 .debug_info    0x00000000      0x1e8 _build/app_util_platform.o
 .debug_abbrev  0x00000000       0xf4 _build/app_util_platform.o
 .debug_aranges
                0x00000000       0x38 _build/app_util_platform.o
 .debug_ranges  0x00000000       0x28 _build/app_util_platform.o
 .debug_macro   0x00000000      0x23b _build/app_util_platform.o
 .debug_macro   0x00000000      0x8f2 _build/app_util_platform.o
 .debug_macro   0x00000000       0x22 _build/app_util_platform.o
 .debug_macro   0x00000000       0x44 _build/app_util_platform.o
 .debug_macro   0x00000000       0xe3 _build/app_util_platform.o
 .debug_macro   0x00000000       0x22 _build/app_util_platform.o
 .debug_macro   0x00000000      0x1df _build/app_util_platform.o
 .debug_macro   0x00000000       0x28 _build/app_util_platform.o
 .debug_macro   0x00000000       0x1c _build/app_util_platform.o
 .debug_macro   0x00000000       0x2d _build/app_util_platform.o
 .debug_macro   0x00000000       0x3b _build/app_util_platform.o
 .debug_macro   0x00000000       0x50 _build/app_util_platform.o
 .debug_macro   0x00000000      0xe66 _build/app_util_platform.o
 .debug_macro   0x00000000      0x3a0 _build/app_util_platform.o
 .debug_macro   0x00000000    0x10245 _build/app_util_platform.o
 .debug_macro   0x00000000     0x12c7 _build/app_util_platform.o
 .debug_macro   0x00000000       0x7c _build/app_util_platform.o
 .debug_macro   0x00000000       0x58 _build/app_util_platform.o
 .debug_macro   0x00000000       0x35 _build/app_util_platform.o
 .debug_macro   0x00000000       0x9c _build/app_util_platform.o
 .debug_macro   0x00000000       0x16 _build/app_util_platform.o
 .debug_macro   0x00000000       0x97 _build/app_util_platform.o
 .debug_macro   0x00000000      0x29d _build/app_util_platform.o
 .debug_macro   0x00000000       0xef _build/app_util_platform.o
 .debug_macro   0x00000000       0x10 _build/app_util_platform.o
 .debug_macro   0x00000000       0x52 _build/app_util_platform.o
 .debug_macro   0x00000000       0x16 _build/app_util_platform.o
 .debug_macro   0x00000000       0x43 _build/app_util_platform.o
 .debug_macro   0x00000000      0x180 _build/app_util_platform.o
 .debug_macro   0x00000000       0x10 _build/app_util_platform.o
 .debug_macro   0x00000000       0x22 _build/app_util_platform.o
 .debug_macro   0x00000000       0xbe _build/app_util_platform.o
 .debug_macro   0x00000000       0x16 _build/app_util_platform.o
 .debug_macro   0x00000000      0x197 _build/app_util_platform.o
 .debug_macro   0x00000000       0x22 _build/app_util_platform.o
 .debug_macro   0x00000000       0x8e _build/app_util_platform.o
 .debug_macro   0x00000000       0x70 _build/app_util_platform.o
 .debug_macro   0x00000000      0x11e _build/app_util_platform.o
 .debug_macro   0x00000000       0x52 _build/app_util_platform.o
 .debug_macro   0x00000000       0x6d _build/app_util_platform.o
 .debug_macro   0x00000000       0xff _build/app_util_platform.o
 .debug_macro   0x00000000       0x2b _build/app_util_platform.o
 .debug_macro   0x00000000       0x60 _build/app_util_platform.o
 .debug_line    0x00000000      0x5db _build/app_util_platform.o
 .debug_str     0x00000000    0x70fe5 _build/app_util_platform.o
 .comment       0x00000000       0x71 _build/app_util_platform.o
 .debug_frame   0x00000000       0x50 _build/app_util_platform.o
 .ARM.attributes
                0x00000000       0x39 _build/app_util_platform.o
 .group         0x00000000        0x8 _build/nrf_log.o
 .group         0x00000000        0x8 _build/nrf_log.o
 .group         0x00000000        0x8 _build/nrf_log.o
 .group         0x00000000        0x8 _build/nrf_log.o
 .group         0x00000000        0x8 _build/nrf_log.o
 .group         0x00000000        0x8 _build/nrf_log.o
 .group         0x00000000        0x8 _build/nrf_log.o
 .group         0x00000000        0x8 _build/nrf_log.o
 .group         0x00000000        0x8 _build/nrf_log.o
 .group         0x00000000        0x8 _build/nrf_log.o
 .group         0x00000000        0x8 _build/nrf_log.o
 .group         0x00000000        0x8 _build/nrf_log.o
 .group         0x00000000        0x8 _build/nrf_log.o
 .group         0x00000000        0x8 _build/nrf_log.o
 .group         0x00000000        0x8 _build/nrf_log.o
 .group         0x00000000        0x8 _build/nrf_log.o
 .group         0x00000000        0x8 _build/nrf_log.o
 .group         0x00000000        0x8 _build/nrf_log.o
 .group         0x00000000        0x8 _build/nrf_log.o
 .group         0x00000000        0x8 _build/nrf_log.o
 .group         0x00000000        0x8 _build/nrf_log.o
 .group         0x00000000        0x8 _build/nrf_log.o
 .group         0x00000000        0x8 _build/nrf_log.o
 .group         0x00000000        0x8 _build/nrf_log.o
 .group         0x00000000        0x8 _build/nrf_log.o
 .group         0x00000000        0x8 _build/nrf_log.o
 .group         0x00000000        0x8 _build/nrf_log.o
 .group         0x00000000        0x8 _build/nrf_log.o
 .group         0x00000000        0x8 _build/nrf_log.o
 .group         0x00000000        0x8 _build/nrf_log.o
 .group         0x00000000        0x8 _build/nrf_log.o
 .group         0x00000000        0x8 _build/nrf_log.o
 .group         0x00000000        0x8 _build/nrf_log.o
 .group         0x00000000        0x8 _build/nrf_log.o
 .group         0x00000000        0x8 _build/nrf_log.o
 .group         0x00000000        0x8 _build/nrf_log.o
 .group         0x00000000        0x8 _build/nrf_log.o
 .group         0x00000000        0x8 _build/nrf_log.o
 .group         0x00000000        0x8 _build/nrf_log.o
 .group         0x00000000        0x8 _build/nrf_log.o
 .text          0x00000000        0x0 _build/nrf_log.o
 .data          0x00000000        0x0 _build/nrf_log.o
 .bss           0x00000000        0x0 _build/nrf_log.o
 .text.log_rtt_write_hex
                0x00000000       0xdc _build/nrf_log.o
 .text.log_rtt_has_input
                0x00000000        0x4 _build/nrf_log.o
 .text.log_rtt_read_input
                0x00000000       0x18 _build/nrf_log.o
 .text.log_hex_char
                0x00000000       0x34 _build/nrf_log.o
 .text.log_hex  0x00000000       0xe4 _build/nrf_log.o
 .bss.hex_string.7043
                0x00000000        0xb _build/nrf_log.o
 .bss.hex_string.7034
                0x00000000        0x3 _build/nrf_log.o
 .debug_macro   0x00000000      0x8f2 _build/nrf_log.o
 .debug_macro   0x00000000       0x1c _build/nrf_log.o
 .debug_macro   0x00000000       0x2d _build/nrf_log.o
 .debug_macro   0x00000000       0x22 _build/nrf_log.o
 .debug_macro   0x00000000       0x44 _build/nrf_log.o
 .debug_macro   0x00000000       0xe3 _build/nrf_log.o
 .debug_macro   0x00000000       0x22 _build/nrf_log.o
 .debug_macro   0x00000000      0x1df _build/nrf_log.o
 .debug_macro   0x00000000       0x35 _build/nrf_log.o
 .debug_macro   0x00000000       0x50 _build/nrf_log.o
 .debug_macro   0x00000000      0xe66 _build/nrf_log.o
 .debug_macro   0x00000000      0x3a0 _build/nrf_log.o
 .debug_macro   0x00000000    0x10245 _build/nrf_log.o
 .debug_macro   0x00000000     0x12c7 _build/nrf_log.o
 .debug_macro   0x00000000       0x7c _build/nrf_log.o
 .debug_macro   0x00000000       0x1c _build/nrf_log.o
 .debug_macro   0x00000000       0x22 _build/nrf_log.o
 .debug_macro   0x00000000       0x67 _build/nrf_log.o
 .debug_macro   0x00000000       0xff _build/nrf_log.o
 .debug_macro   0x00000000       0x8e _build/nrf_log.o
 .debug_macro   0x00000000       0x58 _build/nrf_log.o
 .debug_macro   0x00000000       0x35 _build/nrf_log.o
 .debug_macro   0x00000000       0x9c _build/nrf_log.o
 .debug_macro   0x00000000       0x52 _build/nrf_log.o
 .debug_macro   0x00000000       0x16 _build/nrf_log.o
 .debug_macro   0x00000000       0x43 _build/nrf_log.o
 .debug_macro   0x00000000      0x180 _build/nrf_log.o
 .debug_macro   0x00000000      0x29d _build/nrf_log.o
 .debug_macro   0x00000000       0x10 _build/nrf_log.o
 .debug_macro   0x00000000       0x22 _build/nrf_log.o
 .debug_macro   0x00000000       0xbe _build/nrf_log.o
 .debug_macro   0x00000000       0x16 _build/nrf_log.o
 .debug_macro   0x00000000      0x197 _build/nrf_log.o
 .group         0x00000000        0x8 _build/nrf_delay.o
 .group         0x00000000        0x8 _build/nrf_delay.o
 .group         0x00000000        0x8 _build/nrf_delay.o
 .group         0x00000000        0x8 _build/nrf_delay.o
 .group         0x00000000        0x8 _build/nrf_delay.o
 .group         0x00000000        0x8 _build/nrf_delay.o
 .group         0x00000000        0x8 _build/nrf_delay.o
 .group         0x00000000        0x8 _build/nrf_delay.o
 .group         0x00000000        0x8 _build/nrf_delay.o
 .group         0x00000000        0x8 _build/nrf_delay.o
 .group         0x00000000        0x8 _build/nrf_delay.o
 .group         0x00000000        0x8 _build/nrf_delay.o
 .group         0x00000000        0x8 _build/nrf_delay.o
 .group         0x00000000        0x8 _build/nrf_delay.o
 .group         0x00000000        0x8 _build/nrf_delay.o
 .group         0x00000000        0x8 _build/nrf_delay.o
 .group         0x00000000        0x8 _build/nrf_delay.o
 .group         0x00000000        0x8 _build/nrf_delay.o
 .group         0x00000000        0x8 _build/nrf_delay.o
 .group         0x00000000        0x8 _build/nrf_delay.o
 .group         0x00000000        0x8 _build/nrf_delay.o
 .group         0x00000000        0x8 _build/nrf_delay.o
 .group         0x00000000        0x8 _build/nrf_delay.o
 .group         0x00000000        0x8 _build/nrf_delay.o
 .group         0x00000000        0x8 _build/nrf_delay.o
 .group         0x00000000        0x8 _build/nrf_delay.o
 .group         0x00000000        0x8 _build/nrf_delay.o
 .group         0x00000000        0x8 _build/nrf_delay.o
 .group         0x00000000        0x8 _build/nrf_delay.o
 .group         0x00000000        0x8 _build/nrf_delay.o
 .group         0x00000000        0x8 _build/nrf_delay.o
 .group         0x00000000        0x8 _build/nrf_delay.o
 .group         0x00000000        0x8 _build/nrf_delay.o
 .text          0x00000000        0x0 _build/nrf_delay.o
 .data          0x00000000        0x0 _build/nrf_delay.o
 .bss           0x00000000        0x0 _build/nrf_delay.o
 .text.nrf_delay_ms
                0x00000000       0x98 _build/nrf_delay.o
 .debug_info    0x00000000      0x132 _build/nrf_delay.o
 .debug_abbrev  0x00000000       0xd0 _build/nrf_delay.o
 .debug_loc     0x00000000       0x37 _build/nrf_delay.o
 .debug_aranges
                0x00000000       0x20 _build/nrf_delay.o
 .debug_ranges  0x00000000       0x10 _build/nrf_delay.o
 .debug_macro   0x00000000      0x1c2 _build/nrf_delay.o
 .debug_macro   0x00000000      0x8f2 _build/nrf_delay.o
 .debug_macro   0x00000000       0x58 _build/nrf_delay.o
 .debug_macro   0x00000000       0x22 _build/nrf_delay.o
 .debug_macro   0x00000000       0x35 _build/nrf_delay.o
 .debug_macro   0x00000000       0x9c _build/nrf_delay.o
 .debug_macro   0x00000000       0x16 _build/nrf_delay.o
 .debug_macro   0x00000000       0x4a _build/nrf_delay.o
 .debug_macro   0x00000000       0x97 _build/nrf_delay.o
 .debug_macro   0x00000000      0x29d _build/nrf_delay.o
 .debug_macro   0x00000000       0xef _build/nrf_delay.o
 .debug_macro   0x00000000       0x10 _build/nrf_delay.o
 .debug_macro   0x00000000       0x52 _build/nrf_delay.o
 .debug_macro   0x00000000       0x16 _build/nrf_delay.o
 .debug_macro   0x00000000       0x43 _build/nrf_delay.o
 .debug_macro   0x00000000      0x180 _build/nrf_delay.o
 .debug_macro   0x00000000       0x10 _build/nrf_delay.o
 .debug_macro   0x00000000       0x22 _build/nrf_delay.o
 .debug_macro   0x00000000       0x22 _build/nrf_delay.o
 .debug_macro   0x00000000       0xbe _build/nrf_delay.o
 .debug_macro   0x00000000       0x16 _build/nrf_delay.o
 .debug_macro   0x00000000      0x197 _build/nrf_delay.o
 .debug_macro   0x00000000       0x28 _build/nrf_delay.o
 .debug_macro   0x00000000       0x1c _build/nrf_delay.o
 .debug_macro   0x00000000       0x2d _build/nrf_delay.o
 .debug_macro   0x00000000       0xe3 _build/nrf_delay.o
 .debug_macro   0x00000000      0x1df _build/nrf_delay.o
 .debug_macro   0x00000000       0x35 _build/nrf_delay.o
 .debug_macro   0x00000000       0x50 _build/nrf_delay.o
 .debug_macro   0x00000000      0xe66 _build/nrf_delay.o
 .debug_macro   0x00000000      0x3a0 _build/nrf_delay.o
 .debug_macro   0x00000000    0x10245 _build/nrf_delay.o
 .debug_macro   0x00000000     0x12c7 _build/nrf_delay.o
 .debug_macro   0x00000000       0x7c _build/nrf_delay.o
 .debug_line    0x00000000      0x4ae _build/nrf_delay.o
 .debug_str     0x00000000    0x6f362 _build/nrf_delay.o
 .comment       0x00000000       0x71 _build/nrf_delay.o
 .debug_frame   0x00000000       0x28 _build/nrf_delay.o
 .ARM.attributes
                0x00000000       0x39 _build/nrf_delay.o
 .group         0x00000000        0x8 _build/main.o
 .group         0x00000000        0x8 _build/main.o
 .group         0x00000000        0x8 _build/main.o
 .group         0x00000000        0x8 _build/main.o
 .group         0x00000000        0x8 _build/main.o
 .group         0x00000000        0x8 _build/main.o
 .group         0x00000000        0x8 _build/main.o
 .group         0x00000000        0x8 _build/main.o
 .group         0x00000000        0x8 _build/main.o
 .group         0x00000000        0x8 _build/main.o
 .group         0x00000000        0x8 _build/main.o
 .group         0x00000000        0x8 _build/main.o
 .group         0x00000000        0x8 _build/main.o
 .group         0x00000000        0x8 _build/main.o
 .group         0x00000000        0x8 _build/main.o
 .group         0x00000000        0x8 _build/main.o
 .group         0x00000000        0x8 _build/main.o
 .group         0x00000000        0x8 _build/main.o
 .group         0x00000000        0x8 _build/main.o
 .group         0x00000000        0x8 _build/main.o
 .group         0x00000000        0x8 _build/main.o
 .group         0x00000000        0x8 _build/main.o
 .group         0x00000000        0x8 _build/main.o
 .group         0x00000000        0x8 _build/main.o
 .group         0x00000000        0x8 _build/main.o
 .group         0x00000000        0x8 _build/main.o
 .group         0x00000000        0x8 _build/main.o
 .group         0x00000000        0x8 _build/main.o
 .group         0x00000000        0x8 _build/main.o
 .group         0x00000000        0x8 _build/main.o
 .group         0x00000000        0x8 _build/main.o
 .group         0x00000000        0x8 _build/main.o
 .group         0x00000000        0x8 _build/main.o
 .group         0x00000000        0x8 _build/main.o
 .group         0x00000000        0x8 _build/main.o
 .group         0x00000000        0x8 _build/main.o
 .group         0x00000000        0x8 _build/main.o
 .group         0x00000000        0x8 _build/main.o
 .group         0x00000000        0x8 _build/main.o
 .group         0x00000000        0x8 _build/main.o
 .group         0x00000000        0x8 _build/main.o
 .text          0x00000000        0x0 _build/main.o
 .data          0x00000000        0x0 _build/main.o
 .bss           0x00000000        0x0 _build/main.o
 .text.clocks_start
                0x00000000       0x1c _build/main.o
 .text.gpio_init
                0x00000000       0x2c _build/main.o
 .rodata.leds_list
                0x00000000        0x4 _build/main.o
 .debug_macro   0x00000000      0x8f2 _build/main.o
 .debug_macro   0x00000000       0x22 _build/main.o
 .debug_macro   0x00000000       0x22 _build/main.o
 .debug_macro   0x00000000       0x44 _build/main.o
 .debug_macro   0x00000000       0xe3 _build/main.o
 .debug_macro   0x00000000       0x22 _build/main.o
 .debug_macro   0x00000000      0x1df _build/main.o
 .debug_macro   0x00000000       0x1c _build/main.o
 .debug_macro   0x00000000       0x2d _build/main.o
 .debug_macro   0x00000000       0x3b _build/main.o
 .debug_macro   0x00000000       0x50 _build/main.o
 .debug_macro   0x00000000      0xe66 _build/main.o
 .debug_macro   0x00000000      0x3a0 _build/main.o
 .debug_macro   0x00000000    0x10245 _build/main.o
 .debug_macro   0x00000000     0x12c7 _build/main.o
 .debug_macro   0x00000000       0x7c _build/main.o
 .debug_macro   0x00000000       0x1c _build/main.o
 .debug_macro   0x00000000       0x67 _build/main.o
 .debug_macro   0x00000000       0x58 _build/main.o
 .debug_macro   0x00000000       0x35 _build/main.o
 .debug_macro   0x00000000       0x9c _build/main.o
 .debug_macro   0x00000000      0x166 _build/main.o
 .debug_macro   0x00000000       0x52 _build/main.o
 .debug_macro   0x00000000       0x16 _build/main.o
 .debug_macro   0x00000000       0x43 _build/main.o
 .debug_macro   0x00000000      0x180 _build/main.o
 .debug_macro   0x00000000      0x29d _build/main.o
 .debug_macro   0x00000000       0x10 _build/main.o
 .debug_macro   0x00000000       0x35 _build/main.o
 .debug_macro   0x00000000      0x11e _build/main.o
 .debug_macro   0x00000000       0x8e _build/main.o
 .debug_macro   0x00000000       0x70 _build/main.o
 .debug_macro   0x00000000       0x58 _build/main.o
 .debug_macro   0x00000000       0xff _build/main.o
 .group         0x00000000        0x8 _build/RTT_Syscalls_GCC.o
 .group         0x00000000        0x8 _build/RTT_Syscalls_GCC.o
 .group         0x00000000        0x8 _build/RTT_Syscalls_GCC.o
 .group         0x00000000        0x8 _build/RTT_Syscalls_GCC.o
 .group         0x00000000        0x8 _build/RTT_Syscalls_GCC.o
 .group         0x00000000        0x8 _build/RTT_Syscalls_GCC.o
 .group         0x00000000        0x8 _build/RTT_Syscalls_GCC.o
 .group         0x00000000        0x8 _build/RTT_Syscalls_GCC.o
 .group         0x00000000        0x8 _build/RTT_Syscalls_GCC.o
 .group         0x00000000        0x8 _build/RTT_Syscalls_GCC.o
 .group         0x00000000        0x8 _build/RTT_Syscalls_GCC.o
 .group         0x00000000        0x8 _build/RTT_Syscalls_GCC.o
 .group         0x00000000        0x8 _build/RTT_Syscalls_GCC.o
 .group         0x00000000        0x8 _build/RTT_Syscalls_GCC.o
 .group         0x00000000        0x8 _build/RTT_Syscalls_GCC.o
 .group         0x00000000        0x8 _build/RTT_Syscalls_GCC.o
 .group         0x00000000        0x8 _build/RTT_Syscalls_GCC.o
 .group         0x00000000        0x8 _build/RTT_Syscalls_GCC.o
 .text          0x00000000        0x0 _build/RTT_Syscalls_GCC.o
 .data          0x00000000        0x0 _build/RTT_Syscalls_GCC.o
 .bss           0x00000000        0x0 _build/RTT_Syscalls_GCC.o
 .text._write   0x00000000       0x10 _build/RTT_Syscalls_GCC.o
 .text._write_r
                0x00000000       0x14 _build/RTT_Syscalls_GCC.o
 .debug_info    0x00000000      0x957 _build/RTT_Syscalls_GCC.o
 .debug_abbrev  0x00000000      0x1ce _build/RTT_Syscalls_GCC.o
 .debug_loc     0x00000000       0xec _build/RTT_Syscalls_GCC.o
 .debug_aranges
                0x00000000       0x28 _build/RTT_Syscalls_GCC.o
 .debug_ranges  0x00000000       0x18 _build/RTT_Syscalls_GCC.o
 .debug_macro   0x00000000       0xfa _build/RTT_Syscalls_GCC.o
 .debug_macro   0x00000000      0x8f2 _build/RTT_Syscalls_GCC.o
 .debug_macro   0x00000000       0x58 _build/RTT_Syscalls_GCC.o
 .debug_macro   0x00000000       0x22 _build/RTT_Syscalls_GCC.o
 .debug_macro   0x00000000       0x35 _build/RTT_Syscalls_GCC.o
 .debug_macro   0x00000000       0x9c _build/RTT_Syscalls_GCC.o
 .debug_macro   0x00000000       0x16 _build/RTT_Syscalls_GCC.o
 .debug_macro   0x00000000      0x10e _build/RTT_Syscalls_GCC.o
 .debug_macro   0x00000000       0x7f _build/RTT_Syscalls_GCC.o
 .debug_macro   0x00000000       0x4a _build/RTT_Syscalls_GCC.o
 .debug_macro   0x00000000       0x52 _build/RTT_Syscalls_GCC.o
 .debug_macro   0x00000000       0x16 _build/RTT_Syscalls_GCC.o
 .debug_macro   0x00000000       0x43 _build/RTT_Syscalls_GCC.o
 .debug_macro   0x00000000      0x180 _build/RTT_Syscalls_GCC.o
 .debug_macro   0x00000000      0x29d _build/RTT_Syscalls_GCC.o
 .debug_macro   0x00000000       0x16 _build/RTT_Syscalls_GCC.o
 .debug_macro   0x00000000       0x29 _build/RTT_Syscalls_GCC.o
 .debug_macro   0x00000000       0x3a _build/RTT_Syscalls_GCC.o
 .debug_macro   0x00000000      0x114 _build/RTT_Syscalls_GCC.o
 .debug_line    0x00000000      0x2d4 _build/RTT_Syscalls_GCC.o
 .debug_str     0x00000000     0x58eb _build/RTT_Syscalls_GCC.o
 .comment       0x00000000       0x71 _build/RTT_Syscalls_GCC.o
 .debug_frame   0x00000000       0x40 _build/RTT_Syscalls_GCC.o
 .ARM.attributes
                0x00000000       0x39 _build/RTT_Syscalls_GCC.o
 .group         0x00000000        0x8 _build/SEGGER_RTT.o
 .group         0x00000000        0x8 _build/SEGGER_RTT.o
 .group         0x00000000        0x8 _build/SEGGER_RTT.o
 .group         0x00000000        0x8 _build/SEGGER_RTT.o
 .group         0x00000000        0x8 _build/SEGGER_RTT.o
 .group         0x00000000        0x8 _build/SEGGER_RTT.o
 .group         0x00000000        0x8 _build/SEGGER_RTT.o
 .group         0x00000000        0x8 _build/SEGGER_RTT.o
 .group         0x00000000        0x8 _build/SEGGER_RTT.o
 .group         0x00000000        0x8 _build/SEGGER_RTT.o
 .group         0x00000000        0x8 _build/SEGGER_RTT.o
 .group         0x00000000        0x8 _build/SEGGER_RTT.o
 .group         0x00000000        0x8 _build/SEGGER_RTT.o
 .group         0x00000000        0x8 _build/SEGGER_RTT.o
 .group         0x00000000        0x8 _build/SEGGER_RTT.o
 .group         0x00000000        0x8 _build/SEGGER_RTT.o
 .text          0x00000000        0x0 _build/SEGGER_RTT.o
 .data          0x00000000        0x0 _build/SEGGER_RTT.o
 .bss           0x00000000        0x0 _build/SEGGER_RTT.o
 .text.SEGGER_RTT_ReadNoLock
                0x00000000      0x100 _build/SEGGER_RTT.o
 .text.SEGGER_RTT_Read
                0x00000000      0x110 _build/SEGGER_RTT.o
 .text.SEGGER_RTT_WriteSkipNoLock
                0x00000000       0xa4 _build/SEGGER_RTT.o
 .text.SEGGER_RTT_WriteNoLock
                0x00000000      0x190 _build/SEGGER_RTT.o
 .text.SEGGER_RTT_GetKey
                0x00000000      0x108 _build/SEGGER_RTT.o
 .text.SEGGER_RTT_WaitKey
                0x00000000      0x108 _build/SEGGER_RTT.o
 .text.SEGGER_RTT_HasKey
                0x00000000       0x74 _build/SEGGER_RTT.o
 .text.SEGGER_RTT_HasData
                0x00000000       0x18 _build/SEGGER_RTT.o
 .text.SEGGER_RTT_SetNameUpBuffer
                0x00000000       0xac _build/SEGGER_RTT.o
 .text.SEGGER_RTT_SetNameDownBuffer
                0x00000000       0xac _build/SEGGER_RTT.o
 .text.SEGGER_RTT_Init
                0x00000000       0x68 _build/SEGGER_RTT.o
 .text.SEGGER_RTT_SetTerminal
                0x00000000      0x168 _build/SEGGER_RTT.o
 .text.SEGGER_RTT_TerminalOut
                0x00000000      0x474 _build/SEGGER_RTT.o
 .bss._ActiveTerminal
                0x00000000        0x1 _build/SEGGER_RTT.o
 .rodata._aTerminalId
                0x00000000       0x10 _build/SEGGER_RTT.o
 .debug_macro   0x00000000      0x8f2 _build/SEGGER_RTT.o
 .debug_macro   0x00000000       0x3a _build/SEGGER_RTT.o
 .debug_macro   0x00000000      0x114 _build/SEGGER_RTT.o
 .debug_macro   0x00000000       0x58 _build/SEGGER_RTT.o
 .debug_macro   0x00000000       0x22 _build/SEGGER_RTT.o
 .debug_macro   0x00000000       0x35 _build/SEGGER_RTT.o
 .debug_macro   0x00000000       0x9c _build/SEGGER_RTT.o
 .debug_macro   0x00000000      0x166 _build/SEGGER_RTT.o
 .debug_macro   0x00000000       0x4a _build/SEGGER_RTT.o
 .debug_macro   0x00000000       0x52 _build/SEGGER_RTT.o
 .debug_macro   0x00000000       0x16 _build/SEGGER_RTT.o
 .debug_macro   0x00000000       0x43 _build/SEGGER_RTT.o
 .debug_macro   0x00000000      0x180 _build/SEGGER_RTT.o
 .debug_macro   0x00000000      0x29d _build/SEGGER_RTT.o
 .debug_macro   0x00000000       0x10 _build/SEGGER_RTT.o
 .debug_macro   0x00000000       0x35 _build/SEGGER_RTT.o
 .group         0x00000000        0x8 _build/SEGGER_RTT_printf.o
 .group         0x00000000        0x8 _build/SEGGER_RTT_printf.o
 .group         0x00000000        0x8 _build/SEGGER_RTT_printf.o
 .group         0x00000000        0x8 _build/SEGGER_RTT_printf.o
 .group         0x00000000        0x8 _build/SEGGER_RTT_printf.o
 .group         0x00000000        0x8 _build/SEGGER_RTT_printf.o
 .group         0x00000000        0x8 _build/SEGGER_RTT_printf.o
 .group         0x00000000        0x8 _build/SEGGER_RTT_printf.o
 .group         0x00000000        0x8 _build/SEGGER_RTT_printf.o
 .group         0x00000000        0x8 _build/SEGGER_RTT_printf.o
 .group         0x00000000        0x8 _build/SEGGER_RTT_printf.o
 .group         0x00000000        0x8 _build/SEGGER_RTT_printf.o
 .group         0x00000000        0x8 _build/SEGGER_RTT_printf.o
 .group         0x00000000        0x8 _build/SEGGER_RTT_printf.o
 .group         0x00000000        0x8 _build/SEGGER_RTT_printf.o
 .group         0x00000000        0x8 _build/SEGGER_RTT_printf.o
 .group         0x00000000        0x8 _build/SEGGER_RTT_printf.o
 .group         0x00000000        0x8 _build/SEGGER_RTT_printf.o
 .group         0x00000000        0x8 _build/SEGGER_RTT_printf.o
 .text          0x00000000        0x0 _build/SEGGER_RTT_printf.o
 .data          0x00000000        0x0 _build/SEGGER_RTT_printf.o
 .bss           0x00000000        0x0 _build/SEGGER_RTT_printf.o
 .text.SEGGER_RTT_printf
                0x00000000       0x20 _build/SEGGER_RTT_printf.o
 .debug_macro   0x00000000      0x8f2 _build/SEGGER_RTT_printf.o
 .debug_macro   0x00000000       0x3a _build/SEGGER_RTT_printf.o
 .debug_macro   0x00000000      0x114 _build/SEGGER_RTT_printf.o
 .debug_macro   0x00000000       0x58 _build/SEGGER_RTT_printf.o
 .debug_macro   0x00000000       0x22 _build/SEGGER_RTT_printf.o
 .debug_macro   0x00000000       0x35 _build/SEGGER_RTT_printf.o
 .debug_macro   0x00000000       0x9c _build/SEGGER_RTT_printf.o
 .debug_macro   0x00000000       0x16 _build/SEGGER_RTT_printf.o
 .debug_macro   0x00000000      0x10e _build/SEGGER_RTT_printf.o
 .debug_macro   0x00000000       0x7f _build/SEGGER_RTT_printf.o
 .debug_macro   0x00000000       0x4a _build/SEGGER_RTT_printf.o
 .debug_macro   0x00000000       0x52 _build/SEGGER_RTT_printf.o
 .debug_macro   0x00000000       0x16 _build/SEGGER_RTT_printf.o
 .debug_macro   0x00000000       0x43 _build/SEGGER_RTT_printf.o
 .debug_macro   0x00000000      0x180 _build/SEGGER_RTT_printf.o
 .debug_macro   0x00000000      0x29d _build/SEGGER_RTT_printf.o
 .debug_macro   0x00000000       0x16 _build/SEGGER_RTT_printf.o
 .debug_macro   0x00000000       0x29 _build/SEGGER_RTT_printf.o
 .debug_macro   0x00000000       0x58 _build/SEGGER_RTT_printf.o
 .group         0x00000000        0x8 _build/nrf_esb.o
 .group         0x00000000        0x8 _build/nrf_esb.o
 .group         0x00000000        0x8 _build/nrf_esb.o
 .group         0x00000000        0x8 _build/nrf_esb.o
 .group         0x00000000        0x8 _build/nrf_esb.o
 .group         0x00000000        0x8 _build/nrf_esb.o
 .group         0x00000000        0x8 _build/nrf_esb.o
 .group         0x00000000        0x8 _build/nrf_esb.o
 .group         0x00000000        0x8 _build/nrf_esb.o
 .group         0x00000000        0x8 _build/nrf_esb.o
 .group         0x00000000        0x8 _build/nrf_esb.o
 .group         0x00000000        0x8 _build/nrf_esb.o
 .group         0x00000000        0x8 _build/nrf_esb.o
 .group         0x00000000        0x8 _build/nrf_esb.o
 .group         0x00000000        0x8 _build/nrf_esb.o
 .group         0x00000000        0x8 _build/nrf_esb.o
 .group         0x00000000        0x8 _build/nrf_esb.o
 .group         0x00000000        0x8 _build/nrf_esb.o
 .group         0x00000000        0x8 _build/nrf_esb.o
 .group         0x00000000        0x8 _build/nrf_esb.o
 .group         0x00000000        0x8 _build/nrf_esb.o
 .group         0x00000000        0x8 _build/nrf_esb.o
 .group         0x00000000        0x8 _build/nrf_esb.o
 .group         0x00000000        0x8 _build/nrf_esb.o
 .group         0x00000000        0x8 _build/nrf_esb.o
 .group         0x00000000        0x8 _build/nrf_esb.o
 .group         0x00000000        0x8 _build/nrf_esb.o
 .group         0x00000000        0x8 _build/nrf_esb.o
 .group         0x00000000        0x8 _build/nrf_esb.o
 .group         0x00000000        0x8 _build/nrf_esb.o
 .group         0x00000000        0x8 _build/nrf_esb.o
 .group         0x00000000        0x8 _build/nrf_esb.o
 .group         0x00000000        0x8 _build/nrf_esb.o
 .group         0x00000000        0x8 _build/nrf_esb.o
 .group         0x00000000        0x8 _build/nrf_esb.o
 .group         0x00000000        0x8 _build/nrf_esb.o
 .group         0x00000000        0x8 _build/nrf_esb.o
 .group         0x00000000        0x8 _build/nrf_esb.o
 .group         0x00000000        0x8 _build/nrf_esb.o
 .group         0x00000000        0x8 _build/nrf_esb.o
 .text          0x00000000        0x0 _build/nrf_esb.o
 .data          0x00000000        0x0 _build/nrf_esb.o
 .bss           0x00000000        0x0 _build/nrf_esb.o
 .text.on_radio_disabled_tx
                0x00000000       0x90 _build/nrf_esb.o
 .text.start_tx_transaction
                0x00000000      0x140 _build/nrf_esb.o
 .text.on_radio_disabled_tx_wait_for_ack
                0x00000000      0x1a0 _build/nrf_esb.o
 .text.on_radio_disabled_tx_noack
                0x00000000       0x6c _build/nrf_esb.o
 .text.nrf_esb_suspend
                0x00000000       0x24 _build/nrf_esb.o
 .text.nrf_esb_disable
                0x00000000       0x6c _build/nrf_esb.o
 .text.nrf_esb_is_idle
                0x00000000       0x10 _build/nrf_esb.o
 .text.nrf_esb_write_payload
                0x00000000       0xd4 _build/nrf_esb.o
 .text.nrf_esb_start_tx
                0x00000000       0x28 _build/nrf_esb.o
 .text.nrf_esb_stop_rx
                0x00000000       0x4c _build/nrf_esb.o
 .text.nrf_esb_flush_tx
                0x00000000       0x2c _build/nrf_esb.o
 .text.nrf_esb_pop_tx
                0x00000000       0x4c _build/nrf_esb.o
 .text.nrf_esb_flush_rx
                0x00000000       0x40 _build/nrf_esb.o
 .text.nrf_esb_get_clear_interrupts
                0x00000000       0x38 _build/nrf_esb.o
 .text.nrf_esb_set_address_length
                0x00000000       0x38 _build/nrf_esb.o
 .text.nrf_esb_update_prefix
                0x00000000       0x48 _build/nrf_esb.o
 .text.nrf_esb_enable_pipes
                0x00000000       0x1c _build/nrf_esb.o
 .text.nrf_esb_set_rf_channel
                0x00000000       0x28 _build/nrf_esb.o
 .text.nrf_esb_get_rf_channel
                0x00000000       0x14 _build/nrf_esb.o
 .text.nrf_esb_set_tx_power
                0x00000000       0x2c _build/nrf_esb.o
 .bss.m_retransmits_remaining
                0x00000000        0x4 _build/nrf_esb.o
 .debug_macro   0x00000000      0x8f2 _build/nrf_esb.o
 .debug_macro   0x00000000       0x8e _build/nrf_esb.o
 .debug_macro   0x00000000       0x22 _build/nrf_esb.o
 .debug_macro   0x00000000       0x22 _build/nrf_esb.o
 .debug_macro   0x00000000       0x44 _build/nrf_esb.o
 .debug_macro   0x00000000       0xe3 _build/nrf_esb.o
 .debug_macro   0x00000000       0x22 _build/nrf_esb.o
 .debug_macro   0x00000000      0x1df _build/nrf_esb.o
 .debug_macro   0x00000000       0x1c _build/nrf_esb.o
 .debug_macro   0x00000000       0x2d _build/nrf_esb.o
 .debug_macro   0x00000000       0x3b _build/nrf_esb.o
 .debug_macro   0x00000000       0x50 _build/nrf_esb.o
 .debug_macro   0x00000000      0xe66 _build/nrf_esb.o
 .debug_macro   0x00000000      0x3a0 _build/nrf_esb.o
 .debug_macro   0x00000000    0x10245 _build/nrf_esb.o
 .debug_macro   0x00000000     0x12c7 _build/nrf_esb.o
 .debug_macro   0x00000000       0x7c _build/nrf_esb.o
 .debug_macro   0x00000000       0x1c _build/nrf_esb.o
 .debug_macro   0x00000000       0x67 _build/nrf_esb.o
 .debug_macro   0x00000000       0xcb _build/nrf_esb.o
 .debug_macro   0x00000000       0x16 _build/nrf_esb.o
 .debug_macro   0x00000000       0x10 _build/nrf_esb.o
 .debug_macro   0x00000000       0x58 _build/nrf_esb.o
 .debug_macro   0x00000000       0x35 _build/nrf_esb.o
 .debug_macro   0x00000000       0x9c _build/nrf_esb.o
 .debug_macro   0x00000000      0x166 _build/nrf_esb.o
 .debug_macro   0x00000000       0x52 _build/nrf_esb.o
 .debug_macro   0x00000000       0x16 _build/nrf_esb.o
 .debug_macro   0x00000000       0x43 _build/nrf_esb.o
 .debug_macro   0x00000000      0x180 _build/nrf_esb.o
 .debug_macro   0x00000000      0x29d _build/nrf_esb.o
 .debug_macro   0x00000000       0x10 _build/nrf_esb.o
 .debug_macro   0x00000000       0x35 _build/nrf_esb.o
 .debug_macro   0x00000000      0x11e _build/nrf_esb.o
 .debug_macro   0x00000000       0x22 _build/nrf_esb.o
 .debug_macro   0x00000000       0x37 _build/nrf_esb.o
 .debug_macro   0x00000000       0x58 _build/nrf_esb.o
 .debug_macro   0x00000000       0xff _build/nrf_esb.o
 .group         0x00000000        0x8 _build/system_nrf52.o
 .group         0x00000000        0x8 _build/system_nrf52.o
 .group         0x00000000        0x8 _build/system_nrf52.o
 .group         0x00000000        0x8 _build/system_nrf52.o
 .group         0x00000000        0x8 _build/system_nrf52.o
 .group         0x00000000        0x8 _build/system_nrf52.o
 .group         0x00000000        0x8 _build/system_nrf52.o
 .group         0x00000000        0x8 _build/system_nrf52.o
 .group         0x00000000        0x8 _build/system_nrf52.o
 .group         0x00000000        0x8 _build/system_nrf52.o
 .group         0x00000000        0x8 _build/system_nrf52.o
 .group         0x00000000        0x8 _build/system_nrf52.o
 .group         0x00000000        0x8 _build/system_nrf52.o
 .group         0x00000000        0x8 _build/system_nrf52.o
 .group         0x00000000        0x8 _build/system_nrf52.o
 .group         0x00000000        0x8 _build/system_nrf52.o
 .group         0x00000000        0x8 _build/system_nrf52.o
 .text          0x00000000        0x0 _build/system_nrf52.o
 .data          0x00000000        0x0 _build/system_nrf52.o
 .bss           0x00000000        0x0 _build/system_nrf52.o
 .text.SystemCoreClockUpdate
                0x00000000       0x10 _build/system_nrf52.o
 .debug_macro   0x00000000      0x8f2 _build/system_nrf52.o
 .debug_macro   0x00000000       0x22 _build/system_nrf52.o
 .debug_macro   0x00000000       0x44 _build/system_nrf52.o
 .debug_macro   0x00000000       0xe3 _build/system_nrf52.o
 .debug_macro   0x00000000       0x22 _build/system_nrf52.o
 .debug_macro   0x00000000      0x1df _build/system_nrf52.o
 .debug_macro   0x00000000       0x22 _build/system_nrf52.o
 .debug_macro   0x00000000       0x1c _build/system_nrf52.o
 .debug_macro   0x00000000       0x2d _build/system_nrf52.o
 .debug_macro   0x00000000       0x3b _build/system_nrf52.o
 .debug_macro   0x00000000       0x50 _build/system_nrf52.o
 .debug_macro   0x00000000      0xe66 _build/system_nrf52.o
 .debug_macro   0x00000000      0x3a0 _build/system_nrf52.o
 .debug_macro   0x00000000    0x10245 _build/system_nrf52.o
 .debug_macro   0x00000000     0x12c7 _build/system_nrf52.o
 .debug_macro   0x00000000       0x7c _build/system_nrf52.o
 .debug_macro   0x00000000       0x1c _build/system_nrf52.o
 .data          0x00000000        0x0 _build/gcc_startup_nrf52.o
 .bss           0x00000000        0x0 _build/gcc_startup_nrf52.o
 .text          0x00000000        0x0 c:/program files (x86)/gnu tools arm embedded/4.9 2015q3/bin/../lib/gcc/arm-none-eabi/4.9.3/../../../../arm-none-eabi/lib/armv7e-m/fpu\libc_nano.a(lib_a-memcpy.o)
 .data          0x00000000        0x0 c:/program files (x86)/gnu tools arm embedded/4.9 2015q3/bin/../lib/gcc/arm-none-eabi/4.9.3/../../../../arm-none-eabi/lib/armv7e-m/fpu\libc_nano.a(lib_a-memcpy.o)
 .bss           0x00000000        0x0 c:/program files (x86)/gnu tools arm embedded/4.9 2015q3/bin/../lib/gcc/arm-none-eabi/4.9.3/../../../../arm-none-eabi/lib/armv7e-m/fpu\libc_nano.a(lib_a-memcpy.o)
 .text          0x00000000        0x0 c:/program files (x86)/gnu tools arm embedded/4.9 2015q3/bin/../lib/gcc/arm-none-eabi/4.9.3/../../../../arm-none-eabi/lib/armv7e-m/fpu\libc_nano.a(lib_a-strcpy.o)
 .data          0x00000000        0x0 c:/program files (x86)/gnu tools arm embedded/4.9 2015q3/bin/../lib/gcc/arm-none-eabi/4.9.3/../../../../arm-none-eabi/lib/armv7e-m/fpu\libc_nano.a(lib_a-strcpy.o)
 .bss           0x00000000        0x0 c:/program files (x86)/gnu tools arm embedded/4.9 2015q3/bin/../lib/gcc/arm-none-eabi/4.9.3/../../../../arm-none-eabi/lib/armv7e-m/fpu\libc_nano.a(lib_a-strcpy.o)
 .text          0x00000000        0x0 c:/program files (x86)/gnu tools arm embedded/4.9 2015q3/bin/../lib/gcc/arm-none-eabi/4.9.3/../../../../arm-none-eabi/lib/armv7e-m/fpu\libc_nano.a(lib_a-strlen.o)
 .data          0x00000000        0x0 c:/program files (x86)/gnu tools arm embedded/4.9 2015q3/bin/../lib/gcc/arm-none-eabi/4.9.3/../../../../arm-none-eabi/lib/armv7e-m/fpu\libc_nano.a(lib_a-strlen.o)
 .bss           0x00000000        0x0 c:/program files (x86)/gnu tools arm embedded/4.9 2015q3/bin/../lib/gcc/arm-none-eabi/4.9.3/../../../../arm-none-eabi/lib/armv7e-m/fpu\libc_nano.a(lib_a-strlen.o)
 .text          0x00000000        0x0 c:/program files (x86)/gnu tools arm embedded/4.9 2015q3/bin/../lib/gcc/arm-none-eabi/4.9.3/armv7e-m/fpu/crtend.o
 .data          0x00000000        0x0 c:/program files (x86)/gnu tools arm embedded/4.9 2015q3/bin/../lib/gcc/arm-none-eabi/4.9.3/armv7e-m/fpu/crtend.o
 .bss           0x00000000        0x0 c:/program files (x86)/gnu tools arm embedded/4.9 2015q3/bin/../lib/gcc/arm-none-eabi/4.9.3/armv7e-m/fpu/crtend.o
 .text          0x00000000        0x0 c:/program files (x86)/gnu tools arm embedded/4.9 2015q3/bin/../lib/gcc/arm-none-eabi/4.9.3/armv7e-m/fpu/crtn.o
 .data          0x00000000        0x0 c:/program files (x86)/gnu tools arm embedded/4.9 2015q3/bin/../lib/gcc/arm-none-eabi/4.9.3/armv7e-m/fpu/crtn.o
 .bss           0x00000000        0x0 c:/program files (x86)/gnu tools arm embedded/4.9 2015q3/bin/../lib/gcc/arm-none-eabi/4.9.3/armv7e-m/fpu/crtn.o

Memory Configuration

Name             Origin             Length             Attributes
FLASH            0x00000000         0x00080000         xr
RAM              0x20000000         0x00010000         xrw
*default*        0x00000000         0xffffffff

Linker script and memory map


.text           0x00000000     0x217c
 *(.isr_vector)
 .isr_vector    0x00000000      0x400 _build/gcc_startup_nrf52.o
                0x00000000                __isr_vector
 *(.text*)
 .text          0x00000400       0x5c c:/program files (x86)/gnu tools arm embedded/4.9 2015q3/bin/../lib/gcc/arm-none-eabi/4.9.3/armv7e-m/fpu/crtbegin.o
 .text          0x0000045c       0x74 c:/program files (x86)/gnu tools arm embedded/4.9 2015q3/bin/../lib/gcc/arm-none-eabi/4.9.3/../../../../arm-none-eabi/lib/armv7e-m/fpu/crt0.o
                0x0000045c                _start
                0x0000045c                _mainCRTStartup
 .text.exit     0x000004d0       0x28 c:/program files (x86)/gnu tools arm embedded/4.9 2015q3/bin/../lib/gcc/arm-none-eabi/4.9.3/../../../../arm-none-eabi/lib/armv7e-m/fpu\libc_nano.a(lib_a-exit.o)
                0x000004d0                exit
 .text.__libc_init_array
                0x000004f8       0x4c c:/program files (x86)/gnu tools arm embedded/4.9 2015q3/bin/../lib/gcc/arm-none-eabi/4.9.3/../../../../arm-none-eabi/lib/armv7e-m/fpu\libc_nano.a(lib_a-init.o)
                0x000004f8                __libc_init_array
 .text.memset   0x00000544       0x10 c:/program files (x86)/gnu tools arm embedded/4.9 2015q3/bin/../lib/gcc/arm-none-eabi/4.9.3/../../../../arm-none-eabi/lib/armv7e-m/fpu\libc_nano.a(lib_a-memset.o)
                0x00000544                memset
 .text._exit    0x00000554        0x4 c:/program files (x86)/gnu tools arm embedded/4.9 2015q3/bin/../lib/gcc/arm-none-eabi/4.9.3/../../../../arm-none-eabi/lib/armv7e-m/fpu\libnosys.a(_exit.o)
                0x00000554                _exit
 .text.log_rtt_init
                0x00000558       0x50 _build/nrf_log.o
                0x00000558                log_rtt_init
 .text.log_rtt_printf
                0x000005a8       0x20 _build/nrf_log.o
                0x000005a8                log_rtt_printf
 .text.log_rtt_write_string
                0x000005c8       0x34 _build/nrf_log.o
                0x000005c8                log_rtt_write_string
 .text.log_rtt_write_hex_char
                0x000005fc       0x3c _build/nrf_log.o
                0x000005fc                log_rtt_write_hex_char
 .text.nrf_esb_event_handler
                0x00000638       0xd0 _build/main.o
                0x00000638                nrf_esb_event_handler
 .text.nrf_esb_error_handler
                0x00000708       0x34 _build/main.o
                0x00000708                nrf_esb_error_handler
 .text.esb_init
                0x0000073c       0x80 _build/main.o
                0x0000073c                esb_init
 .text.startup.main
                0x000007bc       0x70 _build/main.o
                0x000007bc                main
 .text.SEGGER_RTT_Write
                0x0000082c      0x200 _build/SEGGER_RTT.o
                0x0000082c                SEGGER_RTT_Write
 .text.SEGGER_RTT_WriteString
                0x00000a2c      0x208 _build/SEGGER_RTT.o
                0x00000a2c                SEGGER_RTT_WriteString
 .text.SEGGER_RTT_ConfigUpBuffer
                0x00000c34       0xd8 _build/SEGGER_RTT.o
                0x00000c34                SEGGER_RTT_ConfigUpBuffer
 .text.SEGGER_RTT_ConfigDownBuffer
                0x00000d0c       0xcc _build/SEGGER_RTT.o
                0x00000d0c                SEGGER_RTT_ConfigDownBuffer
 .text._PrintUnsigned
                0x00000dd8      0x1a0 _build/SEGGER_RTT_printf.o
 .text.SEGGER_RTT_vprintf
                0x00000f78      0x4bc _build/SEGGER_RTT_printf.o
                0x00000f78                SEGGER_RTT_vprintf
 .text.update_rf_payload_format_esb_dpl
                0x00001434       0x2c _build/nrf_esb.o
 .text.update_rf_payload_format_esb
                0x00001460       0x2c _build/nrf_esb.o
 .text.on_radio_disabled_rx_ack
                0x0000148c       0x48 _build/nrf_esb.o
 .text.rx_fifo_push_rfbuf
                0x000014d4       0x90 _build/nrf_esb.o
 .text.on_radio_disabled_rx
                0x00001564      0x278 _build/nrf_esb.o
 .text.RADIO_IRQHandler
                0x000017dc       0x54 _build/nrf_esb.o
                0x000017dc                RADIO_IRQHandler
 .text.nrf_esb_init
                0x00001830      0x2a4 _build/nrf_esb.o
                0x00001830                nrf_esb_init
 .text.SWI0_EGU0_IRQHandler
                0x00001ad4       0x78 _build/nrf_esb.o
                0x00001ad4                SWI0_EGU0_IRQHandler
 .text.nrf_esb_read_rx_payload
                0x00001b4c       0x6c _build/nrf_esb.o
                0x00001b4c                nrf_esb_read_rx_payload
 .text.nrf_esb_start_rx
                0x00001bb8       0x94 _build/nrf_esb.o
                0x00001bb8                nrf_esb_start_rx
 .text.nrf_esb_set_base_address_0
                0x00001c4c       0x3c _build/nrf_esb.o
                0x00001c4c                nrf_esb_set_base_address_0
 .text.nrf_esb_set_base_address_1
                0x00001c88       0x3c _build/nrf_esb.o
                0x00001c88                nrf_esb_set_base_address_1
 .text.nrf_esb_set_prefixes
                0x00001cc4       0x60 _build/nrf_esb.o
                0x00001cc4                nrf_esb_set_prefixes
 .text.SystemInit
                0x00001d24      0x2b0 _build/system_nrf52.o
                0x00001d24                SystemInit
 .text          0x00001fd4       0x3c _build/gcc_startup_nrf52.o
                0x00001fd4                Reset_Handler
                0x00001ffc                NMI_Handler
                0x00001ffe                HardFault_Handler
                0x00002000                MemoryManagement_Handler
                0x00002002                BusFault_Handler
                0x00002004                UsageFault_Handler
                0x00002006                SVC_Handler
                0x00002008                DebugMonitor_Handler
                0x0000200a                PendSV_Handler
                0x0000200c                SysTick_Handler
                0x0000200e                PDM_IRQHandler
                0x0000200e                TEMP_IRQHandler
                0x0000200e                QDEC_IRQHandler
                0x0000200e                TIMER3_IRQHandler
                0x0000200e                FPU_IRQHandler
                0x0000200e                SPIM0_SPIS0_TWIM0_TWIS0_SPI0_TWI0_IRQHandler
                0x0000200e                PWM1_IRQHandler
                0x0000200e                UARTE0_UART0_IRQHandler
                0x0000200e                TIMER4_IRQHandler
                0x0000200e                I2S_IRQHandler
                0x0000200e                POWER_CLOCK_IRQHandler
                0x0000200e                TIMER0_IRQHandler
                0x0000200e                GPIOTE_IRQHandler
                0x0000200e                TIMER1_IRQHandler
                0x0000200e                PWM2_IRQHandler
                0x0000200e                ECB_IRQHandler
                0x0000200e                SPIM1_SPIS1_TWIM1_TWIS1_SPI1_TWI1_IRQHandler
                0x0000200e                Default_Handler
                0x0000200e                SAADC_IRQHandler
                0x0000200e                CCM_AAR_IRQHandler
                0x0000200e                WDT_IRQHandler
                0x0000200e                SWI4_EGU4_IRQHandler
                0x0000200e                SWI5_EGU5_IRQHandler
                0x0000200e                RNG_IRQHandler
                0x0000200e                RTC2_IRQHandler
                0x0000200e                PWM0_IRQHandler
                0x0000200e                SWI3_EGU3_IRQHandler
                0x0000200e                RTC1_IRQHandler
                0x0000200e                SWI1_EGU1_IRQHandler
                0x0000200e                SPIM2_SPIS2_SPI2_IRQHandler
                0x0000200e                NFCT_IRQHandler
                0x0000200e                SWI2_EGU2_IRQHandler
                0x0000200e                MWU_IRQHandler
                0x0000200e                RTC0_IRQHandler
                0x0000200e                TIMER2_IRQHandler
                0x0000200e                COMP_LPCOMP_IRQHandler
 .text.memcpy   0x00002010       0x16 c:/program files (x86)/gnu tools arm embedded/4.9 2015q3/bin/../lib/gcc/arm-none-eabi/4.9.3/../../../../arm-none-eabi/lib/armv7e-m/fpu\libc_nano.a(lib_a-memcpy.o)
                0x00002010                memcpy
 .text.strcpy   0x00002026       0x10 c:/program files (x86)/gnu tools arm embedded/4.9 2015q3/bin/../lib/gcc/arm-none-eabi/4.9.3/../../../../arm-none-eabi/lib/armv7e-m/fpu\libc_nano.a(lib_a-strcpy.o)
                0x00002026                strcpy
 .text.strlen   0x00002036       0x10 c:/program files (x86)/gnu tools arm embedded/4.9 2015q3/bin/../lib/gcc/arm-none-eabi/4.9.3/../../../../arm-none-eabi/lib/armv7e-m/fpu\libc_nano.a(lib_a-strlen.o)
                0x00002036                strlen
 *(.init)
 *fill*         0x00002046        0x2 
 .init          0x00002048        0x4 c:/program files (x86)/gnu tools arm embedded/4.9 2015q3/bin/../lib/gcc/arm-none-eabi/4.9.3/armv7e-m/fpu/crti.o
                0x00002048                _init
 .init          0x0000204c        0x8 c:/program files (x86)/gnu tools arm embedded/4.9 2015q3/bin/../lib/gcc/arm-none-eabi/4.9.3/armv7e-m/fpu/crtn.o
 *(.fini)
 .fini          0x00002054        0x4 c:/program files (x86)/gnu tools arm embedded/4.9 2015q3/bin/../lib/gcc/arm-none-eabi/4.9.3/armv7e-m/fpu/crti.o
                0x00002054                _fini
 .fini          0x00002058        0x8 c:/program files (x86)/gnu tools arm embedded/4.9 2015q3/bin/../lib/gcc/arm-none-eabi/4.9.3/armv7e-m/fpu/crtn.o
 *crtbegin.o(.ctors)
 *crtbegin?.o(.ctors)
 *(EXCLUDE_FILE(*crtend.o *crtend?.o) .ctors)
 *(SORT(.ctors.*))
 *(.ctors)
 *crtbegin.o(.dtors)
 *crtbegin?.o(.dtors)
 *(EXCLUDE_FILE(*crtend.o *crtend?.o) .dtors)
 *(SORT(.dtors.*))
 *(.dtors)
 *(.rodata*)
 .rodata.str1.1
                0x00002060        0x2 c:/program files (x86)/gnu tools arm embedded/4.9 2015q3/bin/../lib/gcc/arm-none-eabi/4.9.3/../../../../arm-none-eabi/lib/armv7e-m/fpu\libc_nano.a(lib_a-impure.o)
 *fill*         0x00002062        0x2 
 .rodata._global_impure_ptr
                0x00002064        0x4 c:/program files (x86)/gnu tools arm embedded/4.9 2015q3/bin/../lib/gcc/arm-none-eabi/4.9.3/../../../../arm-none-eabi/lib/armv7e-m/fpu\libc_nano.a(lib_a-impure.o)
                0x00002064                _global_impure_ptr
 .rodata.str1.4
                0x00002068        0xe _build/nrf_log.o
 *fill*         0x00002076        0x2 
 .rodata        0x00002078       0x28 _build/main.o
 .rodata.str1.4
                0x000020a0       0xb0 _build/main.o
                                 0xb4 (size before relaxing)
 .rodata.str1.4
                0x00002150       0x18 _build/SEGGER_RTT.o
                                 0x17 (size before relaxing)
 .rodata._aV2C.4323
                0x00002168       0x10 _build/SEGGER_RTT_printf.o
 *(.eh_frame*)
 .eh_frame      0x00002178        0x0 c:/program files (x86)/gnu tools arm embedded/4.9 2015q3/bin/../lib/gcc/arm-none-eabi/4.9.3/armv7e-m/fpu/crtbegin.o
 .eh_frame      0x00002178        0x4 c:/program files (x86)/gnu tools arm embedded/4.9 2015q3/bin/../lib/gcc/arm-none-eabi/4.9.3/armv7e-m/fpu/crtend.o

.glue_7         0x0000217c        0x0
 .glue_7        0x00000000        0x0 linker stubs

.glue_7t        0x0000217c        0x0
 .glue_7t       0x00000000        0x0 linker stubs

.vfp11_veneer   0x0000217c        0x0
 .vfp11_veneer  0x00000000        0x0 linker stubs

.v4_bx          0x0000217c        0x0
 .v4_bx         0x00000000        0x0 linker stubs

.iplt           0x0000217c        0x0
 .iplt          0x00000000        0x0 c:/program files (x86)/gnu tools arm embedded/4.9 2015q3/bin/../lib/gcc/arm-none-eabi/4.9.3/armv7e-m/fpu/crtbegin.o

.ARM.extab
 *(.ARM.extab* .gnu.linkonce.armextab.*)
                0x0000217c                __exidx_start = .

.ARM.exidx      0x0000217c        0x8
 *(.ARM.exidx* .gnu.linkonce.armexidx.*)
 .ARM.exidx     0x0000217c        0x8 c:/program files (x86)/gnu tools arm embedded/4.9 2015q3/bin/../lib/gcc/arm-none-eabi/4.9.3/../../../../arm-none-eabi/lib/armv7e-m/fpu/crt0.o
                0x00002184                __exidx_end = .
                0x00002184                __etext = .

.rel.dyn        0x00002184        0x0
 .rel.iplt      0x00000000        0x0 c:/program files (x86)/gnu tools arm embedded/4.9 2015q3/bin/../lib/gcc/arm-none-eabi/4.9.3/armv7e-m/fpu/crtbegin.o

.data           0x20000000       0x84 load address 0x00002184
                0x20000000                __data_start__ = .
 *(vtable)
 *(.data*)
 .data.impure_data
                0x20000000       0x60 c:/program files (x86)/gnu tools arm embedded/4.9 2015q3/bin/../lib/gcc/arm-none-eabi/4.9.3/../../../../arm-none-eabi/lib/armv7e-m/fpu\libc_nano.a(lib_a-impure.o)
 .data.m_esb_addr
                0x20000060       0x14 _build/nrf_esb.o
 .data.SystemCoreClock
                0x20000074        0x4 _build/system_nrf52.o
                0x20000074                SystemCoreClock
                0x20000078                . = ALIGN (0x4)
                0x20000078                PROVIDE (__preinit_array_start, .)
 *(.preinit_array)
                0x20000078                PROVIDE (__preinit_array_end, .)
                0x20000078                . = ALIGN (0x4)
                0x20000078                PROVIDE (__init_array_start, .)
 *(SORT(.init_array.*))
 *(.init_array)
 .init_array    0x20000078        0x4 c:/program files (x86)/gnu tools arm embedded/4.9 2015q3/bin/../lib/gcc/arm-none-eabi/4.9.3/armv7e-m/fpu/crtbegin.o
                0x2000007c                PROVIDE (__init_array_end, .)
                0x2000007c                . = ALIGN (0x4)
                0x2000007c                PROVIDE (__fini_array_start, .)
 *(SORT(.fini_array.*))
 *(.fini_array)
 .fini_array    0x2000007c        0x4 c:/program files (x86)/gnu tools arm embedded/4.9 2015q3/bin/../lib/gcc/arm-none-eabi/4.9.3/armv7e-m/fpu/crtbegin.o
                0x20000080                PROVIDE (__fini_array_end, .)
 *(.jcr*)
 .jcr           0x20000080        0x0 c:/program files (x86)/gnu tools arm embedded/4.9 2015q3/bin/../lib/gcc/arm-none-eabi/4.9.3/armv7e-m/fpu/crtbegin.o
 .jcr           0x20000080        0x4 c:/program files (x86)/gnu tools arm embedded/4.9 2015q3/bin/../lib/gcc/arm-none-eabi/4.9.3/armv7e-m/fpu/crtend.o
                0x20000084                . = ALIGN (0x4)
                0x20000084                __data_end__ = .
LOAD c:/program files (x86)/gnu tools arm embedded/4.9 2015q3/bin/../lib/gcc/arm-none-eabi/4.9.3/armv7e-m/fpu/crti.o
LOAD c:/program files (x86)/gnu tools arm embedded/4.9 2015q3/bin/../lib/gcc/arm-none-eabi/4.9.3/armv7e-m/fpu/crtbegin.o
LOAD c:/program files (x86)/gnu tools arm embedded/4.9 2015q3/bin/../lib/gcc/arm-none-eabi/4.9.3/../../../../arm-none-eabi/lib/armv7e-m/fpu/crt0.o
LOAD c:/program files (x86)/gnu tools arm embedded/4.9 2015q3/bin/../lib/gcc/arm-none-eabi/4.9.3/../../../../arm-none-eabi/lib/armv7e-m/fpu\libc_nano.a
LOAD c:/program files (x86)/gnu tools arm embedded/4.9 2015q3/bin/../lib/gcc/arm-none-eabi/4.9.3/../../../../arm-none-eabi/lib/armv7e-m/fpu\libnosys.a
LOAD _build/app_error.o
LOAD _build/app_error_weak.o
LOAD _build/app_util_platform.o
LOAD _build/nrf_log.o
LOAD _build/nrf_delay.o
LOAD _build/main.o
LOAD _build/RTT_Syscalls_GCC.o
LOAD _build/SEGGER_RTT.o
LOAD _build/SEGGER_RTT_printf.o
LOAD _build/nrf_esb.o
LOAD _build/system_nrf52.o
LOAD _build/gcc_startup_nrf52.o
LOAD c:/program files (x86)/gnu tools arm embedded/4.9 2015q3/bin/../lib/gcc/arm-none-eabi/4.9.3/../../../../arm-none-eabi/lib/armv7e-m/fpu\libm.a
START GROUP
LOAD c:/program files (x86)/gnu tools arm embedded/4.9 2015q3/bin/../lib/gcc/arm-none-eabi/4.9.3/armv7e-m/fpu\libgcc.a
LOAD c:/program files (x86)/gnu tools arm embedded/4.9 2015q3/bin/../lib/gcc/arm-none-eabi/4.9.3/../../../../arm-none-eabi/lib/armv7e-m/fpu\libc_nano.a
END GROUP
START GROUP
LOAD c:/program files (x86)/gnu tools arm embedded/4.9 2015q3/bin/../lib/gcc/arm-none-eabi/4.9.3/armv7e-m/fpu\libgcc.a
LOAD c:/program files (x86)/gnu tools arm embedded/4.9 2015q3/bin/../lib/gcc/arm-none-eabi/4.9.3/../../../../arm-none-eabi/lib/armv7e-m/fpu\libc_nano.a
END GROUP
LOAD c:/program files (x86)/gnu tools arm embedded/4.9 2015q3/bin/../lib/gcc/arm-none-eabi/4.9.3/armv7e-m/fpu/crtend.o
LOAD c:/program files (x86)/gnu tools arm embedded/4.9 2015q3/bin/../lib/gcc/arm-none-eabi/4.9.3/armv7e-m/fpu/crtn.o
START GROUP
LOAD c:/program files (x86)/gnu tools arm embedded/4.9 2015q3/bin/../lib/gcc/arm-none-eabi/4.9.3/armv7e-m/fpu\libgcc.a
LOAD c:/program files (x86)/gnu tools arm embedded/4.9 2015q3/bin/../lib/gcc/arm-none-eabi/4.9.3/../../../../arm-none-eabi/lib/armv7e-m/fpu\libc.a
LOAD c:/program files (x86)/gnu tools arm embedded/4.9 2015q3/bin/../lib/gcc/arm-none-eabi/4.9.3/../../../../arm-none-eabi/lib/armv7e-m/fpu\libnosys.a
END GROUP

.igot.plt       0x20000084        0x0 load address 0x00002208
 .igot.plt      0x00000000        0x0 c:/program files (x86)/gnu tools arm embedded/4.9 2015q3/bin/../lib/gcc/arm-none-eabi/4.9.3/armv7e-m/fpu/crtbegin.o

.fs_data        0x20000084        0x0
                0x20000084                PROVIDE (__start_fs_data, .)
 *(.fs_data)
                0x20000084                PROVIDE (__stop_fs_data, .)

.bss            0x20000084      0xc38 load address 0x00002208
                0x20000084                . = ALIGN (0x4)
                0x20000084                __bss_start__ = .
 *(.bss*)
 .bss           0x20000084       0x1c c:/program files (x86)/gnu tools arm embedded/4.9 2015q3/bin/../lib/gcc/arm-none-eabi/4.9.3/armv7e-m/fpu/crtbegin.o
 .bss.buf_down  0x200000a0       0x10 _build/nrf_log.o
 .bss.buf_normal_up
                0x200000b0      0x400 _build/nrf_log.o
 .bss.initialized.6985
                0x200004b0        0x1 _build/nrf_log.o
 *fill*         0x200004b1        0x3 
 .bss._acDownBuffer
                0x200004b4       0x10 _build/SEGGER_RTT.o
 .bss._acUpBuffer
                0x200004c4      0x400 _build/SEGGER_RTT.o
 .bss.m_esb_initialized
                0x200008c4        0x1 _build/nrf_esb.o
 *fill*         0x200008c5        0x3 
 .bss.m_rx_payload_buffer
                0x200008c8       0x22 _build/nrf_esb.o
 *fill*         0x200008ea        0x2 
 .bss.m_tx_payload_buffer
                0x200008ec       0x22 _build/nrf_esb.o
 .bss.m_nrf_esb_mainstate
                0x2000090e        0x1 _build/nrf_esb.o
 *fill*         0x2000090f        0x1 
 .bss.m_event_handler
                0x20000910        0x4 _build/nrf_esb.o
 .bss.update_rf_payload_format
                0x20000914        0x4 _build/nrf_esb.o
 .bss.m_rx_pipe_info
                0x20000918       0x24 _build/nrf_esb.o
 .bss.m_pids    0x2000093c        0x9 _build/nrf_esb.o
 *fill*         0x20000945        0x3 
 .bss.m_tx_fifo
                0x20000948       0x2c _build/nrf_esb.o
 .bss.m_interrupt_flags
                0x20000974        0x4 _build/nrf_esb.o
 .bss.m_wait_for_ack_timeout_us
                0x20000978        0x4 _build/nrf_esb.o
 .bss.m_config_local
                0x2000097c       0x18 _build/nrf_esb.o
 .bss.m_rx_fifo_payload
                0x20000994      0x128 _build/nrf_esb.o
 .bss.m_last_tx_attempts
                0x20000abc        0x4 _build/nrf_esb.o
 .bss.m_tx_fifo_payload
                0x20000ac0      0x128 _build/nrf_esb.o
 .bss.mp_current_payload
                0x20000be8        0x4 _build/nrf_esb.o
 .bss.m_rx_fifo
                0x20000bec       0x2c _build/nrf_esb.o
 .bss.on_radio_disabled
                0x20000c18        0x4 _build/nrf_esb.o
 *(COMMON)
 COMMON         0x20000c1c       0x26 _build/main.o
                0x20000c1c                rx_payload
                0x20000c41                led_nr
 *fill*         0x20000c42        0x2 
 COMMON         0x20000c44       0x78 _build/SEGGER_RTT.o
                0x20000c44                _SEGGER_RTT
                0x20000cbc                . = ALIGN (0x4)
                0x20000cbc                __bss_end__ = .

.heap           0x20000cc0     0x2000
                0x20000cc0                __end__ = .
                0x20000cc0                PROVIDE (end, .)
 *(.heap*)
 .heap          0x20000cc0     0x2000 _build/gcc_startup_nrf52.o
                0x20000cc0                __HeapBase
                0x20002cc0                __HeapLimit = .

.stack_dummy    0x20000cc0     0x2000
 *(.stack*)
 .stack         0x20000cc0     0x2000 _build/gcc_startup_nrf52.o
                0x20010000                __StackTop = (ORIGIN (RAM) + 0x10000)
                0x2000e000                __StackLimit = (__StackTop - SIZEOF (.stack_dummy))
                0x20010000                PROVIDE (__stack, __StackTop)
                0x00000001                ASSERT ((__StackLimit >= __HeapLimit), region RAM overflowed with stack)
OUTPUT(_build/nrf52832_xxaa.out elf32-littlearm)

.ARM.attributes
                0x00000000       0x30
 .ARM.attributes
                0x00000000       0x22 c:/program files (x86)/gnu tools arm embedded/4.9 2015q3/bin/../lib/gcc/arm-none-eabi/4.9.3/armv7e-m/fpu/crti.o
 .ARM.attributes
                0x00000022       0x34 c:/program files (x86)/gnu tools arm embedded/4.9 2015q3/bin/../lib/gcc/arm-none-eabi/4.9.3/armv7e-m/fpu/crtbegin.o
 .ARM.attributes
                0x00000056       0x20 c:/program files (x86)/gnu tools arm embedded/4.9 2015q3/bin/../lib/gcc/arm-none-eabi/4.9.3/../../../../arm-none-eabi/lib/armv7e-m/fpu/crt0.o
 .ARM.attributes
                0x00000076       0x34 c:/program files (x86)/gnu tools arm embedded/4.9 2015q3/bin/../lib/gcc/arm-none-eabi/4.9.3/../../../../arm-none-eabi/lib/armv7e-m/fpu\libc_nano.a(lib_a-exit.o)
 .ARM.attributes
                0x000000aa       0x34 c:/program files (x86)/gnu tools arm embedded/4.9 2015q3/bin/../lib/gcc/arm-none-eabi/4.9.3/../../../../arm-none-eabi/lib/armv7e-m/fpu\libc_nano.a(lib_a-impure.o)
 .ARM.attributes
                0x000000de       0x34 c:/program files (x86)/gnu tools arm embedded/4.9 2015q3/bin/../lib/gcc/arm-none-eabi/4.9.3/../../../../arm-none-eabi/lib/armv7e-m/fpu\libc_nano.a(lib_a-init.o)
 .ARM.attributes
                0x00000112       0x34 c:/program files (x86)/gnu tools arm embedded/4.9 2015q3/bin/../lib/gcc/arm-none-eabi/4.9.3/../../../../arm-none-eabi/lib/armv7e-m/fpu\libc_nano.a(lib_a-memset.o)
 .ARM.attributes
                0x00000146       0x34 c:/program files (x86)/gnu tools arm embedded/4.9 2015q3/bin/../lib/gcc/arm-none-eabi/4.9.3/../../../../arm-none-eabi/lib/armv7e-m/fpu\libnosys.a(_exit.o)
 .ARM.attributes
                0x0000017a       0x39 _build/nrf_log.o
 .ARM.attributes
                0x000001b3       0x39 _build/main.o
 .ARM.attributes
                0x000001ec       0x39 _build/SEGGER_RTT.o
 .ARM.attributes
                0x00000225       0x39 _build/SEGGER_RTT_printf.o
 .ARM.attributes
                0x0000025e       0x39 _build/nrf_esb.o
 .ARM.attributes
                0x00000297       0x39 _build/system_nrf52.o
 .ARM.attributes
                0x000002d0       0x1c _build/gcc_startup_nrf52.o
 .ARM.attributes
                0x000002ec       0x34 c:/program files (x86)/gnu tools arm embedded/4.9 2015q3/bin/../lib/gcc/arm-none-eabi/4.9.3/../../../../arm-none-eabi/lib/armv7e-m/fpu\libc_nano.a(lib_a-memcpy.o)
 .ARM.attributes
                0x00000320       0x34 c:/program files (x86)/gnu tools arm embedded/4.9 2015q3/bin/../lib/gcc/arm-none-eabi/4.9.3/../../../../arm-none-eabi/lib/armv7e-m/fpu\libc_nano.a(lib_a-strcpy.o)
 .ARM.attributes
                0x00000354       0x34 c:/program files (x86)/gnu tools arm embedded/4.9 2015q3/bin/../lib/gcc/arm-none-eabi/4.9.3/../../../../arm-none-eabi/lib/armv7e-m/fpu\libc_nano.a(lib_a-strlen.o)
 .ARM.attributes
                0x00000388       0x34 c:/program files (x86)/gnu tools arm embedded/4.9 2015q3/bin/../lib/gcc/arm-none-eabi/4.9.3/armv7e-m/fpu/crtend.o
 .ARM.attributes
                0x000003bc       0x22 c:/program files (x86)/gnu tools arm embedded/4.9 2015q3/bin/../lib/gcc/arm-none-eabi/4.9.3/armv7e-m/fpu/crtn.o

.comment        0x00000000       0x70
 .comment       0x00000000       0x70 _build/nrf_log.o
                                 0x71 (size before relaxing)
 .comment       0x00000000       0x71 _build/main.o
 .comment       0x00000000       0x71 _build/SEGGER_RTT.o
 .comment       0x00000000       0x71 _build/SEGGER_RTT_printf.o
 .comment       0x00000000       0x71 _build/nrf_esb.o
 .comment       0x00000000       0x71 _build/system_nrf52.o

.debug_frame    0x00000000      0xa70
 .debug_frame   0x00000000       0x28 c:/program files (x86)/gnu tools arm embedded/4.9 2015q3/bin/../lib/gcc/arm-none-eabi/4.9.3/../../../../arm-none-eabi/lib/armv7e-m/fpu\libc_nano.a(lib_a-exit.o)
 .debug_frame   0x00000028       0x2c c:/program files (x86)/gnu tools arm embedded/4.9 2015q3/bin/../lib/gcc/arm-none-eabi/4.9.3/../../../../arm-none-eabi/lib/armv7e-m/fpu\libc_nano.a(lib_a-init.o)
 .debug_frame   0x00000054       0x20 c:/program files (x86)/gnu tools arm embedded/4.9 2015q3/bin/../lib/gcc/arm-none-eabi/4.9.3/../../../../arm-none-eabi/lib/armv7e-m/fpu\libc_nano.a(lib_a-memset.o)
 .debug_frame   0x00000074       0x20 c:/program files (x86)/gnu tools arm embedded/4.9 2015q3/bin/../lib/gcc/arm-none-eabi/4.9.3/../../../../arm-none-eabi/lib/armv7e-m/fpu\libnosys.a(_exit.o)
 .debug_frame   0x00000094      0x15c _build/nrf_log.o
 .debug_frame   0x000001f0       0xb4 _build/main.o
 .debug_frame   0x000002a4      0x2dc _build/SEGGER_RTT.o
 .debug_frame   0x00000580       0xa0 _build/SEGGER_RTT_printf.o
 .debug_frame   0x00000620      0x3a8 _build/nrf_esb.o
 .debug_frame   0x000009c8       0x40 _build/system_nrf52.o
 .debug_frame   0x00000a08       0x28 c:/program files (x86)/gnu tools arm embedded/4.9 2015q3/bin/../lib/gcc/arm-none-eabi/4.9.3/../../../../arm-none-eabi/lib/armv7e-m/fpu\libc_nano.a(lib_a-memcpy.o)
 .debug_frame   0x00000a30       0x20 c:/program files (x86)/gnu tools arm embedded/4.9 2015q3/bin/../lib/gcc/arm-none-eabi/4.9.3/../../../../arm-none-eabi/lib/armv7e-m/fpu\libc_nano.a(lib_a-strcpy.o)
 .debug_frame   0x00000a50       0x20 c:/program files (x86)/gnu tools arm embedded/4.9 2015q3/bin/../lib/gcc/arm-none-eabi/4.9.3/../../../../arm-none-eabi/lib/armv7e-m/fpu\libc_nano.a(lib_a-strlen.o)

.debug_info     0x00000000     0x7356
 .debug_info    0x00000000      0x59e _build/nrf_log.o
 .debug_info    0x0000059e     0x116f _build/main.o
 .debug_info    0x0000170d     0x20fe _build/SEGGER_RTT.o
 .debug_info    0x0000380b      0x7d5 _build/SEGGER_RTT_printf.o
 .debug_info    0x00003fe0     0x25b5 _build/nrf_esb.o
 .debug_info    0x00006595      0xdc1 _build/system_nrf52.o

.debug_abbrev   0x00000000     0x1244
 .debug_abbrev  0x00000000      0x244 _build/nrf_log.o
 .debug_abbrev  0x00000244      0x386 _build/main.o
 .debug_abbrev  0x000005ca      0x2ee _build/SEGGER_RTT.o
 .debug_abbrev  0x000008b8      0x275 _build/SEGGER_RTT_printf.o
 .debug_abbrev  0x00000b2d      0x544 _build/nrf_esb.o
 .debug_abbrev  0x00001071      0x1d3 _build/system_nrf52.o

.debug_loc      0x00000000     0x5d0f
 .debug_loc     0x00000000      0x1ea _build/nrf_log.o
 .debug_loc     0x000001ea      0x3ef _build/main.o
 .debug_loc     0x000005d9     0x3d63 _build/SEGGER_RTT.o
 .debug_loc     0x0000433c     0x1051 _build/SEGGER_RTT_printf.o
 .debug_loc     0x0000538d      0x982 _build/nrf_esb.o

.debug_aranges  0x00000000      0x2c0
 .debug_aranges
                0x00000000       0x60 _build/nrf_log.o
 .debug_aranges
                0x00000060       0x48 _build/main.o
 .debug_aranges
                0x000000a8       0xa0 _build/SEGGER_RTT.o
 .debug_aranges
                0x00000148       0x30 _build/SEGGER_RTT_printf.o
 .debug_aranges
                0x00000178      0x120 _build/nrf_esb.o
 .debug_aranges
                0x00000298       0x28 _build/system_nrf52.o

.debug_ranges   0x00000000      0xf38
 .debug_ranges  0x00000000       0x50 _build/nrf_log.o
 .debug_ranges  0x00000050       0x88 _build/main.o
 .debug_ranges  0x000000d8      0x490 _build/SEGGER_RTT.o
 .debug_ranges  0x00000568      0x218 _build/SEGGER_RTT_printf.o
 .debug_ranges  0x00000780      0x6c8 _build/nrf_esb.o
 .debug_ranges  0x00000e48       0xf0 _build/system_nrf52.o

.debug_macro    0x00000000     0x11c7
 .debug_macro   0x00000000      0x221 _build/nrf_log.o
 .debug_macro   0x00000221       0x58 _build/nrf_log.o
 .debug_macro   0x00000279      0x166 _build/nrf_log.o
 .debug_macro   0x000003df       0x10 _build/nrf_log.o
 .debug_macro   0x000003ef       0x35 _build/nrf_log.o
 .debug_macro   0x00000424       0x1c _build/nrf_log.o
 .debug_macro   0x00000440       0x3a _build/nrf_log.o
 .debug_macro   0x0000047a      0x114 _build/nrf_log.o
 .debug_macro   0x0000058e      0x235 _build/main.o
 .debug_macro   0x000007c3       0xcb _build/main.o
 .debug_macro   0x0000088e       0x22 _build/main.o
 .debug_macro   0x000008b0       0x37 _build/main.o
 .debug_macro   0x000008e7       0x16 _build/main.o
 .debug_macro   0x000008fd       0x10 _build/main.o
 .debug_macro   0x0000090d      0x280 _build/main.o
 .debug_macro   0x00000b8d       0x22 _build/main.o
 .debug_macro   0x00000baf      0x102 _build/SEGGER_RTT.o
 .debug_macro   0x00000cb1      0x11b _build/SEGGER_RTT_printf.o
 .debug_macro   0x00000dcc      0x289 _build/nrf_esb.o
 .debug_macro   0x00001055       0x76 _build/nrf_esb.o
 .debug_macro   0x000010cb       0x16 _build/nrf_esb.o
 .debug_macro   0x000010e1       0xe6 _build/system_nrf52.o

.debug_line     0x00000000     0x3501
 .debug_line    0x00000000      0x6be _build/nrf_log.o
 .debug_line    0x000006be      0x86f _build/main.o
 .debug_line    0x00000f2d      0xc30 _build/SEGGER_RTT.o
 .debug_line    0x00001b5d      0x51a _build/SEGGER_RTT_printf.o
 .debug_line    0x00002077      0xfd5 _build/nrf_esb.o
 .debug_line    0x0000304c      0x4b5 _build/system_nrf52.o

.debug_str      0x00000000    0x741bd
 .debug_str     0x00000000    0x70192 _build/nrf_log.o
                              0x70cce (size before relaxing)
 .debug_str     0x00070192     0x274e _build/main.o
                              0x71fdb (size before relaxing)
 .debug_str     0x000728e0      0x3db _build/SEGGER_RTT.o
                               0x585e (size before relaxing)
 .debug_str     0x00072cbb      0x287 _build/SEGGER_RTT_printf.o
                               0x587d (size before relaxing)
 .debug_str     0x00072f42      0xfea _build/nrf_esb.o
                              0x72025 (size before relaxing)
 .debug_str     0x00073f2c      0x291 _build/system_nrf52.o
                              0x6c6c6 (size before relaxing)
